Archive member included to satisfy reference by file (symbol)

app/libapp.a(main.cpp.obj)    (--whole-archive)
zephyr/libzephyr.a(validate_libc.c.obj)
                              (--whole-archive)
zephyr/libzephyr.a(cpp_dtors.c.obj)
                              (--whole-archive)
zephyr/libzephyr.a(cpp_virtual.c.obj)
                              (--whole-archive)
zephyr/libzephyr.a(cpp_vtable.cpp.obj)
                              (--whole-archive)
zephyr/libzephyr.a(cpp_new.cpp.obj)
                              (--whole-archive)
zephyr/libzephyr.a(heap.c.obj)
                              (--whole-archive)
zephyr/libzephyr.a(boot_banner.c.obj)
                              (--whole-archive)
zephyr/libzephyr.a(cbprintf_packaged.c.obj)
                              (--whole-archive)
zephyr/libzephyr.a(clock.c.obj)
                              (--whole-archive)
zephyr/libzephyr.a(printk.c.obj)
                              (--whole-archive)
zephyr/libzephyr.a(cbprintf_complete.c.obj)
                              (--whole-archive)
zephyr/libzephyr.a(assert.c.obj)
                              (--whole-archive)
zephyr/libzephyr.a(dec.c.obj)
                              (--whole-archive)
zephyr/libzephyr.a(hex.c.obj)
                              (--whole-archive)
zephyr/libzephyr.a(rb.c.obj)  (--whole-archive)
zephyr/libzephyr.a(set.c.obj)
                              (--whole-archive)
zephyr/libzephyr.a(timeutil.c.obj)
                              (--whole-archive)
zephyr/libzephyr.a(bitarray.c.obj)
                              (--whole-archive)
zephyr/libzephyr.a(bitmask.c.obj)
                              (--whole-archive)
zephyr/libzephyr.a(getopt.c.obj)
                              (--whole-archive)
zephyr/libzephyr.a(getopt_common.c.obj)
                              (--whole-archive)
zephyr/libzephyr.a(ring_buffer.c.obj)
                              (--whole-archive)
zephyr/libzephyr.a(last_section_id.c.obj)
                              (--whole-archive)
zephyr/libzephyr.a(configs.c.obj)
                              (--whole-archive)
zephyr/libzephyr.a(stm32cube_hal.c.obj)
                              (--whole-archive)
zephyr/libzephyr.a(soc_config.c.obj)
                              (--whole-archive)
zephyr/libzephyr.a(gpioport_mgr.c.obj)
                              (--whole-archive)
zephyr/libzephyr.a(stm32_backup_domain.c.obj)
                              (--whole-archive)
zephyr/libzephyr.a(soc.c.obj)
                              (--whole-archive)
zephyr/libzephyr.a(mem_attr.c.obj)
                              (--whole-archive)
zephyr/libzephyr.a(tracing_none.c.obj)
                              (--whole-archive)
zephyr/libzephyr.a(sem.c.obj)
                              (--whole-archive)
zephyr/libzephyr.a(thread_entry.c.obj)
                              (--whole-archive)
zephyr/arch/common/libarch__common.a(sw_isr_common.c.obj)
                              (--whole-archive)
zephyr/arch/common/libarch__common.a(init.c.obj)
                              (--whole-archive)
zephyr/arch/common/libarch__common.a(xip.c.obj)
                              (--whole-archive)
zephyr/arch/arch/arm/core/libarch__arm__core.a(fatal.c.obj)
                              (--whole-archive)
zephyr/arch/arch/arm/core/libarch__arm__core.a(nmi.c.obj)
                              (--whole-archive)
zephyr/arch/arch/arm/core/libarch__arm__core.a(nmi_on_reset.S.obj)
                              (--whole-archive)
zephyr/arch/arch/arm/core/libarch__arm__core.a(__aeabi_atexit.c.obj)
                              (--whole-archive)
zephyr/arch/arch/arm/core/libarch__arm__core.a(tls.c.obj)
                              (--whole-archive)
zephyr/arch/arch/arm/core/cortex_m/libarch__arm__core__cortex_m.a(fault.c.obj)
                              (--whole-archive)
zephyr/arch/arch/arm/core/cortex_m/libarch__arm__core__cortex_m.a(fault_s.S.obj)
                              (--whole-archive)
zephyr/arch/arch/arm/core/cortex_m/libarch__arm__core__cortex_m.a(fpu.c.obj)
                              (--whole-archive)
zephyr/arch/arch/arm/core/cortex_m/libarch__arm__core__cortex_m.a(reset.S.obj)
                              (--whole-archive)
zephyr/arch/arch/arm/core/cortex_m/libarch__arm__core__cortex_m.a(scb.c.obj)
                              (--whole-archive)
zephyr/arch/arch/arm/core/cortex_m/libarch__arm__core__cortex_m.a(vector_table.S.obj)
                              (--whole-archive)
zephyr/arch/arch/arm/core/cortex_m/libarch__arm__core__cortex_m.a(svc.S.obj)
                              (--whole-archive)
zephyr/arch/arch/arm/core/cortex_m/libarch__arm__core__cortex_m.a(irq_manage.c.obj)
                              (--whole-archive)
zephyr/arch/arch/arm/core/cortex_m/libarch__arm__core__cortex_m.a(prep_c.c.obj)
                              (--whole-archive)
zephyr/arch/arch/arm/core/cortex_m/libarch__arm__core__cortex_m.a(thread.c.obj)
                              (--whole-archive)
[...]
Memory Configuration

Name             Origin             Length             Attributes
FLASH            0x08000000         0x00080000         xr
RAM              0x20000000         0x00020000         xw
SRAM0            0x20000000         0x00020000         rw
IDT_LIST         0xffff7fff         0x00008000         xw
*default*        0x00000000         0xffffffff

Linker script and memory map

                0x08002ec0                        vfprintf = __l_vfprintf
                0x00000000                        vfscanf = __l_vfscanf
LOAD zephyr/CMakeFiles/zephyr_final.dir/misc/empty_file.c.obj
LOAD zephyr/CMakeFiles/zephyr_final.dir/isr_tables.c.obj
LOAD zephyr/CMakeFiles/offsets.dir/./arch/arm/core/offsets/offsets.c.obj
LOAD app/libapp.a
LOAD zephyr/libzephyr.a
LOAD zephyr/arch/common/libarch__common.a
LOAD zephyr/arch/arch/arm/core/libarch__arm__core.a
LOAD zephyr/arch/arch/arm/core/cortex_m/libarch__arm__core__cortex_m.a
LOAD zephyr/arch/arch/arm/core/mpu/libarch__arm__core__mpu.a
LOAD zephyr/lib/libc/picolibc/liblib__libc__picolibc.a
LOAD zephyr/lib/libc/common/liblib__libc__common.a
LOAD zephyr/subsys/portability/posix/c_lib_ext/libsubsys__portability__posix__c_lib_ext.a
LOAD zephyr/drivers/interrupt_controller/libdrivers__interrupt_controller.a
LOAD zephyr/drivers/clock_control/libdrivers__clock_control.a
LOAD zephyr/drivers/console/libdrivers__console.a
LOAD zephyr/drivers/gpio/libdrivers__gpio.a
LOAD zephyr/drivers/pinctrl/libdrivers__pinctrl.a
LOAD zephyr/drivers/reset/libdrivers__reset.a
LOAD zephyr/drivers/serial/libdrivers__serial.a
LOAD zephyr/drivers/timer/libdrivers__timer.a
LOAD modules/hal_stm32/stm32cube/lib..__modules__hal__stm32__stm32cube.a
LOAD zephyr/kernel/libkernel.a
LOAD zephyr/arch/common/libisr_tables.a
LOAD /Users/hepmac/zephyr-sdk-1.0.1/gnu/arm-zephyr-eabi/bin/../lib/gcc/arm-zephyr-eabi/14.3.0/../../../../arm-zephyr-eabi/lib/thumb/v7e-m/nofp/libc.a
LOAD /Users/hepmac/zephyr-sdk-1.0.1/gnu/arm-zephyr-eabi/bin/../lib/gcc/arm-zephyr-eabi/14.3.0/thumb/v7e-m/nofp/libgcc.a
                0x00000020                        _region_min_align = 0x20

.rel.plt        0x08000000        0x0
 *(SORT_BY_ALIGNMENT(.rel.plt))
                [!provide]                        PROVIDE (__rel_iplt_start = .)
 *(SORT_BY_ALIGNMENT(.rel.iplt))
 .rel.iplt      0x08000000        0x0 zephyr/CMakeFiles/zephyr_final.dir/isr_tables.c.obj
                [!provide]                        PROVIDE (__rel_iplt_end = .)

.rela.plt       0x00000000        0x0
 *(SORT_BY_ALIGNMENT(.rela.plt))
                [!provide]                        PROVIDE (__rela_iplt_start = .)
 *(SORT_BY_ALIGNMENT(.rela.iplt))
                [!provide]                        PROVIDE (__rela_iplt_end = .)

.rel.dyn
 *(SORT_BY_ALIGNMENT(.rel.*))

.rela.dyn
 *(SORT_BY_ALIGNMENT(.rela.*))

/DISCARD/
 *(SORT_BY_ALIGNMENT(.plt))

/DISCARD/
 *(SORT_BY_ALIGNMENT(.iplt))
                0x08000000                        __rom_region_start = 0x8000000

rom_start       0x08000000       0xe4
                0x08000000                        __rom_start_address = .
 FILL mask 0x00
                0x08000000                        . = (. + (0x0 - (. - __rom_start_address)))
                0x08000000                        . = ALIGN (0x4)
                0x08000000                        . = ALIGN (0x80)
                0x08000000                        . = ALIGN (0x100)
                0x08000000                        _vector_start = .
 *(SORT_BY_ALIGNMENT(.exc_vector_table))
 *(SORT_BY_ALIGNMENT(.exc_vector_table.*))
 .exc_vector_table._vector_table_section
                0x08000000       0x40 zephyr/arch/arch/arm/core/cortex_m/libarch__arm__core__cortex_m.a(vector_table.S.obj)
                0x08000000                _vector_table
 *(SORT_BY_ALIGNMENT(.vectors))
                0x080000e4                        _vector_end = .
                0x08000040                        . = ALIGN (0x4)
 *(SORT_BY_ALIGNMENT(.gnu.linkonce.irq_vector_table*))
 .gnu.linkonce.irq_vector_table
                0x08000040       0xa4 zephyr/CMakeFiles/zephyr_final.dir/isr_tables.c.obj
                0x08000040                _irq_vector_table
                0x080000e4                        _vector_end = .

text            0x080000e4     0x4ae0
                0x080000e4                        __text_region_start = .
 *(SORT_BY_ALIGNMENT(.text))
 .text          0x080000e4      0x134 /Users/hepmac/zephyr-sdk-1.0.1/gnu/arm-zephyr-eabi/bin/../lib/gcc/arm-zephyr-eabi/14.3.0/../../../../arm-zephyr-eabi/lib/thumb/v7e-m/nofp/libc.a(memcpy.S.o)
                0x080000e4                memcpy
                0x080000e4                __aeabi_memcpy
                0x080000e4                __aeabi_memcpy4
                0x080000e4                __aeabi_memcpy8
 .text          0x08000218       0x30 /Users/hepmac/zephyr-sdk-1.0.1/gnu/arm-zephyr-eabi/bin/../lib/gcc/arm-zephyr-eabi/14.3.0/thumb/v7e-m/nofp/libgcc.a(_aeabi_uldivmod.o)
                0x08000218                __aeabi_uldivmod
 .text          0x08000248        0x4 /Users/hepmac/zephyr-sdk-1.0.1/gnu/arm-zephyr-eabi/bin/../lib/gcc/arm-zephyr-eabi/14.3.0/thumb/v7e-m/nofp/libgcc.a(_dvmd_tls.o)
                0x08000248                __aeabi_ldiv0
                0x08000248                __aeabi_idiv0
 .text          0x0800024c      0x2bc /Users/hepmac/zephyr-sdk-1.0.1/gnu/arm-zephyr-eabi/bin/../lib/gcc/arm-zephyr-eabi/14.3.0/thumb/v7e-m/nofp/libgcc.a(_udivmoddi4.o)
                0x0800024c                __udivmoddi4
 *(SORT_BY_ALIGNMENT(.text.*))
 .text.main     0x08000508       0x80 app/libapp.a(main.cpp.obj)
                0x08000508                main
 .text.boot_banner
                0x08000588       0x10 zephyr/libzephyr.a(boot_banner.c.obj)
 .text.char_out
                0x08000598       0x10 zephyr/libzephyr.a(printk.c.obj)
 .text.__printk_hook_install
                0x080005a8        0xc zephyr/libzephyr.a(printk.c.obj)
                0x080005a8                __printk_hook_install
 .text.vprintk  0x080005b4       0x30 zephyr/libzephyr.a(printk.c.obj)
                0x080005b4                vprintk
 .text.st_stm32_common_config
                0x080005e4       0x14 zephyr/libzephyr.a(soc_config.c.obj)
 .text.stm32_gpioport_pm_action
                0x080005f8       0x54 zephyr/libzephyr.a(gpioport_mgr.c.obj)
 .text.stm32_gpioport_init
                0x0800064c       0x10 zephyr/libzephyr.a(gpioport_mgr.c.obj)
 .text.stm32_gpioport_get
                0x0800065c       0x24 zephyr/libzephyr.a(gpioport_mgr.c.obj)
                0x0800065c                stm32_gpioport_get
 .text.soc_early_init_hook
                0x08000680       0x30 zephyr/libzephyr.a(soc.c.obj)
                0x08000680                soc_early_init_hook
 .text.mem_attr_get_regions
                0x080006b0        0xc zephyr/libzephyr.a(mem_attr.c.obj)
                0x080006b0                mem_attr_get_regions
 .text.z_thread_entry
                0x080006bc       0x34 zephyr/libzephyr.a(thread_entry.c.obj)
                0x080006bc                z_thread_entry
 .text.arch_bss_zero
                0x080006f0       0x18 zephyr/arch/common/libarch__common.a(init.c.obj)
                0x080006f0                arch_bss_zero
 .text.arch_data_copy
                0x08000708       0x34 zephyr/arch/common/libarch__common.a(xip.c.obj)
                0x08000708                arch_data_copy
 .text.esf_dump
                0x0800073c       0x40 zephyr/arch/arch/arm/core/libarch__arm__core.a(fatal.c.obj)
 .text.z_arm_fatal_error
                0x0800077c       0x30 zephyr/arch/arch/arm/core/libarch__arm__core.a(fatal.c.obj)
                0x0800077c                z_arm_fatal_error
 .text.z_SysNmiOnReset
                0x080007ac        0x8 zephyr/arch/arch/arm/core/libarch__arm__core.a(nmi_on_reset.S.obj)
                0x080007ac                z_SysNmiOnReset
 .text.z_tls_copy
                0x080007b4       0x28 zephyr/arch/arch/arm/core/libarch__arm__core.a(tls.c.obj)
 .text.arch_tls_stack_setup
                0x080007dc       0x24 zephyr/arch/arch/arm/core/libarch__arm__core.a(tls.c.obj)
                0x080007dc                arch_tls_stack_setup
 .text.z_arm_is_synchronous_svc
                0x08000800       0x48 zephyr/arch/arch/arm/core/cortex_m/libarch__arm__core__cortex_m.a(fault.c.obj)
 .text.get_esf  0x08000848       0x40 zephyr/arch/arch/arm/core/cortex_m/libarch__arm__core__cortex_m.a(fault.c.obj)
 .text.bus_fault
                0x08000888       0xec zephyr/arch/arch/arm/core/cortex_m/libarch__arm__core__cortex_m.a(fault.c.obj)
 .text.usage_fault
                0x08000974       0xb4 zephyr/arch/arch/arm/core/cortex_m/libarch__arm__core__cortex_m.a(fault.c.obj)
 .text.debug_monitor
                0x08000a28       0x14 zephyr/arch/arch/arm/core/cortex_m/libarch__arm__core__cortex_m.a(fault.c.obj)
 .text.reserved_exception
                0x08000a3c       0x24 zephyr/arch/arch/arm/core/cortex_m/libarch__arm__core__cortex_m.a(fault.c.obj)
 .text.mem_manage_fault
                0x08000a60      0x128 zephyr/arch/arch/arm/core/cortex_m/libarch__arm__core__cortex_m.a(fault.c.obj)
 .text.hard_fault
                0x08000b88       0xb8 zephyr/arch/arch/arm/core/cortex_m/libarch__arm__core__cortex_m.a(fault.c.obj)
 .text.z_arm_fault
                0x08000c40       0x84 zephyr/arch/arch/arm/core/cortex_m/libarch__arm__core__cortex_m.a(fault.c.obj)
                0x08000c40                z_arm_fault
 .text.z_arm_fault_init
                0x08000cc4       0x18 zephyr/arch/arch/arm/core/cortex_m/libarch__arm__core__cortex_m.a(fault.c.obj)
                0x08000cc4                z_arm_fault_init
 .text.__fault  0x08000cdc       0x14 zephyr/arch/arch/arm/core/cortex_m/libarch__arm__core__cortex_m.a(fault_s.S.obj)
                0x08000cdc                z_arm_bus_fault
                0x08000cdc                z_arm_usage_fault
                0x08000cdc                z_arm_mpu_fault
                0x08000cdc                z_arm_exc_spurious
                0x08000cdc                z_arm_debug_monitor
                0x08000cdc                z_arm_hard_fault
 .text._reset_section
                0x08000cf0       0x34 zephyr/arch/arch/arm/core/cortex_m/libarch__arm__core__cortex_m.a(reset.S.obj)
                0x08000cf0                z_arm_reset
                0x08000cf0                __start
 .text.z_arm_svc
                0x08000d24       0x24 zephyr/arch/arch/arm/core/cortex_m/libarch__arm__core__cortex_m.a(svc.S.obj)
                0x08000d24                z_arm_svc
 .text.__NVIC_EnableIRQ
                0x08000d48       0x1c zephyr/arch/arch/arm/core/cortex_m/libarch__arm__core__cortex_m.a(irq_manage.c.obj)
 .text.__NVIC_SetPriority
                0x08000d64       0x28 zephyr/arch/arch/arm/core/cortex_m/libarch__arm__core__cortex_m.a(irq_manage.c.obj)
 .text.relocate_vector_table
                0x08000d8c       0x1c zephyr/arch/arch/arm/core/cortex_m/libarch__arm__core__cortex_m.a(prep_c.c.obj)
                0x08000d8c                relocate_vector_table
 .text.z_prep_c
                0x08000da8       0x38 zephyr/arch/arch/arm/core/cortex_m/libarch__arm__core__cortex_m.a(prep_c.c.obj)
                0x08000da8                z_prep_c
 .text.min_stack
                0x08000de0       0x40 zephyr/arch/arch/arm/core/cortex_m/libarch__arm__core__cortex_m.a(thread.c.obj)
 .text.arch_new_thread
                0x08000e20       0x40 zephyr/arch/arch/arm/core/cortex_m/libarch__arm__core__cortex_m.a(thread.c.obj)
                0x08000e20                arch_new_thread
 .text.arch_switch_to_main_thread
                0x08000e60       0x3c zephyr/arch/arch/arm/core/cortex_m/libarch__arm__core__cortex_m.a(thread.c.obj)
                0x08000e60                arch_switch_to_main_thread
 .text.z_arm_cpu_idle_init
                0x08000e9c        0xc zephyr/arch/arch/arm/core/cortex_m/libarch__arm__core__cortex_m.a(cpu_idle.c.obj)
                0x08000e9c                z_arm_cpu_idle_init
 .text._HandlerModeExit
                0x08000ea8       0x20 zephyr/arch/arch/arm/core/cortex_m/libarch__arm__core__cortex_m.a(exc_exit.c.obj)
                0x08000ea8                z_arm_exc_exit
                0x08000ea8                z_arm_int_exit
 .text.z_impl_k_thread_abort
                0x08000ec8       0x34 zephyr/arch/arch/arm/core/cortex_m/libarch__arm__core__cortex_m.a(thread_abort.c.obj)
                0x08000ec8                z_impl_k_thread_abort
 .text.z_arm_pendsv
                0x08000efc       0x60 zephyr/arch/arch/arm/core/cortex_m/libarch__arm__core__cortex_m.a(swap_helper.S.obj)
                0x08000efc                z_arm_pendsv
 .text.z_arm_interrupt_init
                0x08000f5c       0x34 zephyr/arch/arch/arm/core/cortex_m/libarch__arm__core__cortex_m.a(irq_init.c.obj)
                0x08000f5c                z_arm_interrupt_init
 .text._isr_wrapper
                0x08000f90       0x20 zephyr/arch/arch/arm/core/cortex_m/libarch__arm__core__cortex_m.a(isr_wrapper.c.obj)
                0x08000f90                _isr_wrapper
 .text.__aeabi_read_tp
                0x08000fb0        0xc zephyr/arch/arch/arm/core/cortex_m/libarch__arm__core__cortex_m.a(__aeabi_read_tp.S.obj)
                0x08000fb0                __aeabi_read_tp
 .text.z_arm_configure_static_mpu_regions
                0x08000fbc       0x1c zephyr/arch/arch/arm/core/mpu/libarch__arm__core__mpu.a(arm_core_mpu.c.obj)
                0x08000fbc                z_arm_configure_static_mpu_regions
 .text.z_arm_configure_dynamic_mpu_regions
                0x08000fd8       0x24 zephyr/arch/arch/arm/core/mpu/libarch__arm__core__mpu.a(arm_core_mpu.c.obj)
                0x08000fd8                z_arm_configure_dynamic_mpu_regions
 .text.region_init
                0x08000ffc       0x28 zephyr/arch/arch/arm/core/mpu/libarch__arm__core__mpu.a(arm_mpu.c.obj)
 .text.region_allocate_and_init
                0x08001024       0x28 zephyr/arch/arch/arm/core/mpu/libarch__arm__core__mpu.a(arm_mpu.c.obj)
 .text.mpu_configure_static_mpu_regions
                0x0800104c       0x14 zephyr/arch/arch/arm/core/mpu/libarch__arm__core__mpu.a(arm_mpu.c.obj)
 .text.mpu_configure_dynamic_mpu_regions
                0x08001060       0x3c zephyr/arch/arch/arm/core/mpu/libarch__arm__core__mpu.a(arm_mpu.c.obj)
 .text.arm_core_mpu_enable
                0x0800109c       0x18 zephyr/arch/arch/arm/core/mpu/libarch__arm__core__mpu.a(arm_mpu.c.obj)
                0x0800109c                arm_core_mpu_enable
 .text.arm_core_mpu_disable
                0x080010b4       0x14 zephyr/arch/arch/arm/core/mpu/libarch__arm__core__mpu.a(arm_mpu.c.obj)
                0x080010b4                arm_core_mpu_disable
 .text.z_arm_mpu_init
                0x080010c8       0x80 zephyr/arch/arch/arm/core/mpu/libarch__arm__core__mpu.a(arm_mpu.c.obj)
                0x080010c8                z_arm_mpu_init
 .text.z_impl_zephyr_fputc
                0x08001148       0x10 zephyr/lib/libc/picolibc/liblib__libc__picolibc.a(stdio.c.obj)
                0x08001148                z_impl_zephyr_fputc
 .text.__stdout_hook_install
                0x08001158       0x18 zephyr/lib/libc/picolibc/liblib__libc__picolibc.a(stdio.c.obj)
                0x08001158                __stdout_hook_install
 .text.malloc_prepare
                0x08001170       0x24 zephyr/lib/libc/common/liblib__libc__common.a(malloc.c.obj)
 .text.stm32_exti_enable_clocks
                0x08001194       0x34 zephyr/drivers/interrupt_controller/libdrivers__interrupt_controller.a(intc_exti_stm32.c.obj)
 .text.stm32_exti_is_pending
                0x080011c8       0x24 zephyr/drivers/interrupt_controller/libdrivers__interrupt_controller.a(intc_exti_stm32.c.obj)
                0x080011c8                stm32_exti_is_pending
 .text.stm32_exti_clear_pending
                0x080011ec       0x20 zephyr/drivers/interrupt_controller/libdrivers__interrupt_controller.a(intc_exti_stm32.c.obj)
                0x080011ec                stm32_exti_clear_pending
 .text.stm32_fill_irq_table
                0x0800120c       0x24 zephyr/drivers/interrupt_controller/libdrivers__interrupt_controller.a(intc_gpio_stm32.c.obj)
 .text.stm32_intc_gpio_isr
                0x08001230       0x48 zephyr/drivers/interrupt_controller/libdrivers__interrupt_controller.a(intc_gpio_stm32.c.obj)
 .text.LL_SYSCFG_SetEXTISource
                0x08001278       0x38 zephyr/drivers/interrupt_controller/libdrivers__interrupt_controller.a(intc_gpio_stm32.c.obj)
 .text.LL_SYSCFG_GetEXTISource
                0x080012b0       0x28 zephyr/drivers/interrupt_controller/libdrivers__interrupt_controller.a(intc_gpio_stm32.c.obj)
 .text.stm32_gpio_intc_enable_line
                0x080012d8       0x30 zephyr/drivers/interrupt_controller/libdrivers__interrupt_controller.a(intc_gpio_stm32.c.obj)
                0x080012d8                stm32_gpio_intc_enable_line
 .text.stm32_gpio_intc_disable_line
                0x08001308       0x10 zephyr/drivers/interrupt_controller/libdrivers__interrupt_controller.a(intc_gpio_stm32.c.obj)
                0x08001308                stm32_gpio_intc_disable_line
 .text.stm32_gpio_intc_select_line_trigger
                0x08001318       0x58 zephyr/drivers/interrupt_controller/libdrivers__interrupt_controller.a(intc_gpio_stm32.c.obj)
                0x08001318                stm32_gpio_intc_select_line_trigger
 .text.stm32_gpio_intc_set_irq_callback
                0x08001370       0x4c zephyr/drivers/interrupt_controller/libdrivers__interrupt_controller.a(intc_gpio_stm32.c.obj)
                0x08001370                stm32_gpio_intc_set_irq_callback
 .text.stm32_gpio_intc_remove_irq_callback
                0x080013bc       0x24 zephyr/drivers/interrupt_controller/libdrivers__interrupt_controller.a(intc_gpio_stm32.c.obj)
                0x080013bc                stm32_gpio_intc_remove_irq_callback
 .text.stm32_clock_switch_to_hsi
                0x080013e0       0x38 zephyr/drivers/clock_control/libdrivers__clock_control.a(clock_stm32_ll_common.c.obj)
 .text.set_up_fixed_clock_sources
                0x08001418       0x38 zephyr/drivers/clock_control/libdrivers__clock_control.a(clock_stm32_ll_common.c.obj)
 .text.stm32_clock_control_get_subsys_rate
                0x08001450      0x118 zephyr/drivers/clock_control/libdrivers__clock_control.a(clock_stm32_ll_common.c.obj)
 .text.set_up_plls
                0x08001568       0x78 zephyr/drivers/clock_control/libdrivers__clock_control.a(clock_stm32_ll_common.c.obj)
 .text.enabled_clock
                0x080015e0       0x24 zephyr/drivers/clock_control/libdrivers__clock_control.a(clock_stm32_ll_common.c.obj)
                0x080015e0                enabled_clock
 .text.stm32_clock_control_init
                0x08001604       0xa4 zephyr/drivers/clock_control/libdrivers__clock_control.a(clock_stm32_ll_common.c.obj)
                0x08001604                stm32_clock_control_init
 .text.get_pllsrc_frequency
                0x080016a8        0x8 zephyr/drivers/clock_control/libdrivers__clock_control.a(clock_stm32f2_f4_f7.c.obj)
                0x080016a8                get_pllsrc_frequency
 .text.config_pll_sysclock
                0x080016b0       0x48 zephyr/drivers/clock_control/libdrivers__clock_control.a(clock_stm32f2_f4_f7.c.obj)
                0x080016b0                config_pll_sysclock
 .text.config_enable_default_clocks
                0x080016f8       0x20 zephyr/drivers/clock_control/libdrivers__clock_control.a(clock_stm32f2_f4_f7.c.obj)
                0x080016f8                config_enable_default_clocks
 .text.console_out
                0x08001718       0x28 zephyr/drivers/console/libdrivers__console.a(uart_console.c.obj)
 .text.uart_console_hook_install
                0x08001740       0x18 zephyr/drivers/console/libdrivers__console.a(uart_console.c.obj)
 .text.uart_console_init
                0x08001758       0x1c zephyr/drivers/console/libdrivers__console.a(uart_console.c.obj)
 .text.gpio_stm32_pin_interrupt_configure
                0x08001774       0x94 zephyr/drivers/gpio/libdrivers__gpio.a(gpio_stm32.c.obj)
 .text.LL_USART_SetBaudRate
                0x08001808       0xcc zephyr/drivers/serial/libdrivers__serial.a(uart_stm32.c.obj)
 .text.uart_stm32_set_baudrate
                0x080018d4       0xa4 zephyr/drivers/serial/libdrivers__serial.a(uart_stm32.c.obj)
 .text.uart_stm32_configure
                0x08001978      0x130 zephyr/drivers/serial/libdrivers__serial.a(uart_stm32.c.obj)
 .text.uart_stm32_poll_in
                0x08001aa8       0x10 zephyr/drivers/serial/libdrivers__serial.a(uart_stm32.c.obj)
 .text.uart_stm32_poll_out
                0x08001ab8       0x10 zephyr/drivers/serial/libdrivers__serial.a(uart_stm32.c.obj)
 .text.elapsed  0x08001ac8       0x48 zephyr/drivers/timer/libdrivers__timer.a(cortex_m_systick.c.obj)
 .text.sys_clock_driver_init
                0x08001b10       0x34 zephyr/drivers/timer/libdrivers__timer.a(cortex_m_systick.c.obj)
 .text.sys_clock_isr
                0x08001b44       0x68 zephyr/drivers/timer/libdrivers__timer.a(cortex_m_systick.c.obj)
                0x08001b44                sys_clock_isr
 .text.sys_clock_set_timeout
                0x08001bac      0x124 zephyr/drivers/timer/libdrivers__timer.a(cortex_m_systick.c.obj)
                0x08001bac                sys_clock_set_timeout
 .text.sys_clock_elapsed
                0x08001cd0       0x40 zephyr/drivers/timer/libdrivers__timer.a(cortex_m_systick.c.obj)
                0x08001cd0                sys_clock_elapsed
 .text.HAL_RCC_GetSysClockFreq
                0x08001d10       0xdc modules/hal_stm32/stm32cube/lib..__modules__hal__stm32__stm32cube.a(stm32f4xx_hal_rcc.c.obj)
                0x08001d10                HAL_RCC_GetSysClockFreq
 .text.LL_SetFlashLatency
                0x08001dec       0xd4 modules/hal_stm32/stm32cube/lib..__modules__hal__stm32__stm32cube.a(stm32f4xx_ll_utils.c.obj)
                0x08001dec                LL_SetFlashLatency
 .text.z_fatal_error
                0x08001ec0       0x2c zephyr/kernel/libkernel.a(fatal.c.obj)
                0x08001ec0                z_fatal_error
 .text.z_static_init_gnu
                0x08001eec       0x20 zephyr/kernel/libkernel.a(init.c.obj)
 .text.init_idle_thread
                0x08001f0c       0x58 zephyr/kernel/libkernel.a(init.c.obj)
 .text.z_sys_init_run_level
                0x08001f64       0x38 zephyr/kernel/libkernel.a(init.c.obj)
 .text.thread_schedule_new
                0x08001f9c       0x1c zephyr/kernel/libkernel.a(init.c.obj)
 .text.z_init_static_threads
                0x08001fb8       0x70 zephyr/kernel/libkernel.a(init.c.obj)
 .text.bg_thread_main
                0x08002028       0x34 zephyr/kernel/libkernel.a(init.c.obj)
 .text.switch_to_main_thread
                0x0800205c       0x14 zephyr/kernel/libkernel.a(init.c.obj)
 .text.z_init_cpu
                0x08002070       0x44 zephyr/kernel/libkernel.a(init.c.obj)
                0x08002070                z_init_cpu
 .text.prepare_multithreading
                0x080020b4       0x60 zephyr/kernel/libkernel.a(init.c.obj)
 .text.z_cstart
                0x08002114       0x78 zephyr/kernel/libkernel.a(init.c.obj)
                0x08002114                z_cstart
 .text.z_setup_new_thread
                0x0800218c       0x60 zephyr/kernel/libkernel.a(thread.c.obj)
                0x0800218c                z_setup_new_thread
 .text.z_dummy_thread_init
                0x080021ec       0x18 zephyr/kernel/libkernel.a(thread.c.obj)
                0x080021ec                z_dummy_thread_init
 .text.z_impl_k_wakeup
                0x08002204       0x48 zephyr/kernel/libkernel.a(thread.c.obj)
                0x08002204                z_impl_k_wakeup
 .text.z_swap_irqlock
                0x0800224c       0x30 zephyr/kernel/libkernel.a(sched.c.obj)
 .text.reschedule
                0x0800227c       0x34 zephyr/kernel/libkernel.a(sched.c.obj)
 .text.ready_thread
                0x080022b0       0xb0 zephyr/kernel/libkernel.a(sched.c.obj)
 .text.unready_thread
                0x08002360       0x68 zephyr/kernel/libkernel.a(sched.c.obj)
 .text.thread_halt_spin
                0x080023c8      0x114 zephyr/kernel/libkernel.a(sched.c.obj)
 .text.move_current_to_end_of_prio_q
                0x080024dc       0x88 zephyr/kernel/libkernel.a(sched.c.obj)
                0x080024dc                move_current_to_end_of_prio_q
 .text.z_thread_halt
                0x08002564      0x15c zephyr/kernel/libkernel.a(sched.c.obj)
                0x08002564                z_thread_halt
 .text.z_sched_lock_reschedule
                0x080026c0       0x54 zephyr/kernel/libkernel.a(sched.c.obj)
                0x080026c0                z_sched_lock_reschedule
 .text.z_sched_yield
                0x08002714       0x9c zephyr/kernel/libkernel.a(sched.c.obj)
                0x08002714                z_sched_yield
 .text.z_swap_irqlock
                0x080027b0       0x30 zephyr/kernel/libkernel.a(sleep.c.obj)
 .text.z_tick_sleep
                0x080027e0       0x7c zephyr/kernel/libkernel.a(sleep.c.obj)
 .text.z_impl_k_sleep
                0x0800285c       0x78 zephyr/kernel/libkernel.a(sleep.c.obj)
                0x0800285c                z_impl_k_sleep
 .text.z_sched_init
                0x080028d4       0x10 zephyr/kernel/libkernel.a(scheduler.c.obj)
                0x080028d4                z_sched_init
 .text.k_sched_lock
                0x080028e4       0x30 zephyr/kernel/libkernel.a(scheduler.c.obj)
                0x080028e4                k_sched_lock
 .text.k_sched_unlock
                0x08002914       0x24 zephyr/kernel/libkernel.a(scheduler.c.obj)
                0x08002914                k_sched_unlock
 .text.z_impl_k_sched_current_thread_query
                0x08002938        0xc zephyr/kernel/libkernel.a(scheduler.c.obj)
                0x08002938                z_impl_k_sched_current_thread_query
 .text.z_time_slice_size
                0x08002944       0x44 zephyr/kernel/libkernel.a(timeslicing.c.obj)
 .text.slice_timeout
                0x08002988       0x20 zephyr/kernel/libkernel.a(timeslicing.c.obj)
 .text.z_time_slice_reset
                0x080029a8       0x44 zephyr/kernel/libkernel.a(timeslicing.c.obj)
                0x080029a8                z_time_slice_reset
 .text.z_time_slice
                0x080029ec       0x70 zephyr/kernel/libkernel.a(timeslicing.c.obj)
                0x080029ec                z_time_slice
 .text.first    0x08002a5c       0x14 zephyr/kernel/libkernel.a(timeout.c.obj)
 .text.next     0x08002a70       0x18 zephyr/kernel/libkernel.a(timeout.c.obj)
 .text.elapsed  0x08002a88       0x18 zephyr/kernel/libkernel.a(timeout.c.obj)
 .text.z_add_timeout
                0x08002aa0      0x144 zephyr/kernel/libkernel.a(timeout.c.obj)
                0x08002aa0                z_add_timeout
 .text.sys_clock_announce_locked
                0x08002be4       0xcc zephyr/kernel/libkernel.a(timeout.c.obj)
                0x08002be4                sys_clock_announce_locked
 .text.sys_clock_tick_get
                0x08002cb0       0x40 zephyr/kernel/libkernel.a(timeout.c.obj)
                0x08002cb0                sys_clock_tick_get
 .text.memset   0x08002cf0       0xb0 /Users/hepmac/zephyr-sdk-1.0.1/gnu/arm-zephyr-eabi/bin/../lib/gcc/arm-zephyr-eabi/14.3.0/../../../../arm-zephyr-eabi/lib/thumb/v7e-m/nofp/libc.a(memset.c.o)
                0x08002cf0                memset
 .text.strnlen  0x08002da0       0x24 /Users/hepmac/zephyr-sdk-1.0.1/gnu/arm-zephyr-eabi/bin/../lib/gcc/arm-zephyr-eabi/14.3.0/../../../../arm-zephyr-eabi/lib/thumb/v7e-m/nofp/libc.a(libc_string_strnlen.c.o)
                0x08002da0                strnlen
 .text.__ultoa_invert
                0x08002dc4       0xfc /Users/hepmac/zephyr-sdk-1.0.1/gnu/arm-zephyr-eabi/bin/../lib/gcc/arm-zephyr-eabi/14.3.0/../../../../arm-zephyr-eabi/lib/thumb/v7e-m/nofp/libc.a(libc_tinystdio_vflprintf.c.o)
 .text.__l_vfprintf
                0x08002ec0      0x9b4 /Users/hepmac/zephyr-sdk-1.0.1/gnu/arm-zephyr-eabi/bin/../lib/gcc/arm-zephyr-eabi/14.3.0/../../../../arm-zephyr-eabi/lib/thumb/v7e-m/nofp/libc.a(libc_tinystdio_vflprintf.c.o)
                0x08002ec0                __l_vfprintf
 .text._OffsetAbsSyms
                0x08003874        0x2 zephyr/CMakeFiles/offsets.dir/./arch/arm/core/offsets/offsets.c.obj
                0x08003874                _OffsetAbsSyms
 .text.z_impl_gpio_pin_configure
                0x08003876       0x50 app/libapp.a(main.cpp.obj)
 .text.gpio_port_get
                0x080038c6       0x18 app/libapp.a(main.cpp.obj)
 .text.gpio_pin_get
                0x080038de       0x1e app/libapp.a(main.cpp.obj)
 .text.gpio_pin_toggle_dt
                0x080038fc       0x14 app/libapp.a(main.cpp.obj)
 .text.free_list_add_bidx
                0x08003910       0x4e zephyr/libzephyr.a(heap.c.obj)
 .text.free_list_add
                0x0800395e       0x18 zephyr/libzephyr.a(heap.c.obj)
 .text.sys_heap_init
                0x08003976       0x8a zephyr/libzephyr.a(heap.c.obj)
                0x08003976                sys_heap_init
 .text.arch_printk_char_out
                0x08003a00        0x4 zephyr/libzephyr.a(printk.c.obj)
                0x08003a00                arch_printk_char_out
 .text.printk   0x08003a04       0x1c zephyr/libzephyr.a(printk.c.obj)
                0x08003a04                printk
 .text._ConfigAbsSyms
                0x08003a20        0x2 zephyr/libzephyr.a(configs.c.obj)
                0x08003a20                _ConfigAbsSyms
 .text.pm_device_driver_init
                0x08003a22       0x24 zephyr/libzephyr.a(gpioport_mgr.c.obj)
 .text.LL_GPIO_SetAFPin_0_7
                0x08003a46       0x3a zephyr/libzephyr.a(gpioport_mgr.c.obj)
 .text.LL_GPIO_SetAFPin_8_15
                0x08003a80       0x3c zephyr/libzephyr.a(gpioport_mgr.c.obj)
 .text.LL_GPIO_SetPinSpeed
                0x08003abc       0x3a zephyr/libzephyr.a(gpioport_mgr.c.obj)
 .text.LL_GPIO_SetPinPull
                0x08003af6       0x3a zephyr/libzephyr.a(gpioport_mgr.c.obj)
 .text.ll_gpio_set_pin_pull
                0x08003b30        0x8 zephyr/libzephyr.a(gpioport_mgr.c.obj)
 .text.LL_GPIO_SetPinMode
                0x08003b38       0x3a zephyr/libzephyr.a(gpioport_mgr.c.obj)
 .text.stm32_gpioport_configure_pin
                0x08003b72       0x96 zephyr/libzephyr.a(gpioport_mgr.c.obj)
                0x08003b72                stm32_gpioport_configure_pin
 .text.arch_early_memset
                0x08003c08        0x8 zephyr/arch/common/libarch__common.a(init.c.obj)
                0x08003c08                arch_early_memset
 .text.arch_early_memcpy
                0x08003c10        0x8 zephyr/arch/common/libarch__common.a(init.c.obj)
                0x08003c10                arch_early_memcpy
 .text.z_do_kernel_oops
                0x08003c18        0xc zephyr/arch/arch/arm/core/libarch__arm__core.a(fatal.c.obj)
                0x08003c18                z_do_kernel_oops
 .text.z_arm_nmi
                0x08003c24        0xc zephyr/arch/arch/arm/core/libarch__arm__core.a(nmi.c.obj)
                0x08003c24                z_arm_nmi
 .text.memory_fault_recoverable
                0x08003c30        0x4 zephyr/arch/arch/arm/core/cortex_m/libarch__arm__core__cortex_m.a(fault.c.obj)
 .text.fault_handle
                0x08003c34       0x4a zephyr/arch/arch/arm/core/cortex_m/libarch__arm__core__cortex_m.a(fault.c.obj)
 .text.arm_irq_enable
                0x08003c7e        0xa zephyr/arch/arch/arm/core/cortex_m/libarch__arm__core__cortex_m.a(irq_manage.c.obj)
                0x08003c7e                arm_irq_enable
 .text.arm_irq_priority_set
                0x08003c88        0xc zephyr/arch/arch/arm/core/cortex_m/libarch__arm__core__cortex_m.a(irq_manage.c.obj)
                0x08003c88                arm_irq_priority_set
 .text.z_irq_spurious
                0x08003c94        0xc zephyr/arch/arch/arm/core/cortex_m/libarch__arm__core__cortex_m.a(irq_manage.c.obj)
                0x08003c94                z_irq_spurious
 .text.z_check_thread_stack_fail
                0x08003ca0        0x8 zephyr/arch/arch/arm/core/cortex_m/libarch__arm__core__cortex_m.a(thread.c.obj)
                0x08003ca0                z_check_thread_stack_fail
 .text.arch_coprocessors_disable
                0x08003ca8        0x6 zephyr/arch/arch/arm/core/cortex_m/libarch__arm__core__cortex_m.a(thread.c.obj)
                0x08003ca8                arch_coprocessors_disable
 .text.arch_irq_unlock_outlined
                0x08003cae        0xe zephyr/arch/arch/arm/core/cortex_m/libarch__arm__core__cortex_m.a(thread.c.obj)
                0x08003cae                arch_irq_unlock_outlined
 .text.arch_cpu_idle
                0x08003cbc       0x1a zephyr/arch/arch/arm/core/cortex_m/libarch__arm__core__cortex_m.a(cpu_idle.c.obj)
                0x08003cbc                arch_cpu_idle
 .text.mpu_partition_is_valid
                0x08003cd6       0x22 zephyr/arch/arch/arm/core/mpu/libarch__arm__core__mpu.a(arm_mpu.c.obj)
 .text.mpu_configure_region
                0x08003cf8       0x3e zephyr/arch/arch/arm/core/mpu/libarch__arm__core__mpu.a(arm_mpu.c.obj)
 .text.mpu_configure_regions
                0x08003d36       0x50 zephyr/arch/arch/arm/core/mpu/libarch__arm__core__mpu.a(arm_mpu.c.obj)
 .text.mpu_configure_regions_from_dt
                0x08003d86      0x1f6 zephyr/arch/arch/arm/core/mpu/libarch__arm__core__mpu.a(arm_mpu.c.obj)
 .text.arm_core_mpu_configure_static_mpu_regions
                0x08003f7c        0x8 zephyr/arch/arch/arm/core/mpu/libarch__arm__core__mpu.a(arm_mpu.c.obj)
                0x08003f7c                arm_core_mpu_configure_static_mpu_regions
 .text.arm_core_mpu_configure_dynamic_mpu_regions
                0x08003f84        0x8 zephyr/arch/arch/arm/core/mpu/libarch__arm__core__mpu.a(arm_mpu.c.obj)
                0x08003f84                arm_core_mpu_configure_dynamic_mpu_regions
 .text.picolibc_put
                0x08003f8c        0xa zephyr/lib/libc/picolibc/liblib__libc__picolibc.a(stdio.c.obj)
 .text.stm32_exti_init
                0x08003f96        0x8 zephyr/drivers/interrupt_controller/libdrivers__interrupt_controller.a(intc_exti_stm32.c.obj)
 .text.stm32_exti_gpio_intc_init
                0x08003f9e       0x92 zephyr/drivers/interrupt_controller/libdrivers__interrupt_controller.a(intc_gpio_stm32.c.obj)
 .text.stm32_gpio_intc_get_pin_irq_line
                0x08004030        0xa zephyr/drivers/interrupt_controller/libdrivers__interrupt_controller.a(intc_gpio_stm32.c.obj)
                0x08004030                stm32_gpio_intc_get_pin_irq_line
 .text.stm32_exti_set_line_src_port
                0x0800403a       0x1c zephyr/drivers/interrupt_controller/libdrivers__interrupt_controller.a(intc_gpio_stm32.c.obj)
                0x0800403a                stm32_exti_set_line_src_port
 .text.stm32_exti_get_line_src_port
                0x08004056       0x1a zephyr/drivers/interrupt_controller/libdrivers__interrupt_controller.a(intc_gpio_stm32.c.obj)
                0x08004056                stm32_exti_get_line_src_port
 .text.get_pll_div_frequency
                0x08004070        0xe zephyr/drivers/clock_control/libdrivers__clock_control.a(clock_stm32_ll_common.c.obj)
 .text.get_bus_clock
                0x0800407e        0x6 zephyr/drivers/clock_control/libdrivers__clock_control.a(clock_stm32_ll_common.c.obj)
 .text.stm32_clock_control_on
                0x08004084       0x44 zephyr/drivers/clock_control/libdrivers__clock_control.a(clock_stm32_ll_common.c.obj)
 .text.stm32_clock_control_off
                0x080040c8       0x2e zephyr/drivers/clock_control/libdrivers__clock_control.a(clock_stm32_ll_common.c.obj)
 .text.stm32_clock_control_configure
                0x080040f6       0x48 zephyr/drivers/clock_control/libdrivers__clock_control.a(clock_stm32_ll_common.c.obj)
 .text.stm32_clock_control_get_status
                0x0800413e       0x3a zephyr/drivers/clock_control/libdrivers__clock_control.a(clock_stm32_ll_common.c.obj)
 .text.config_regulator_voltage
                0x08004178        0x2 zephyr/drivers/clock_control/libdrivers__clock_control.a(clock_stm32_ll_common.c.obj)
                0x08004178                config_regulator_voltage
 .text.get_pll_source
                0x0800417a        0x6 zephyr/drivers/clock_control/libdrivers__clock_control.a(clock_stm32f2_f4_f7.c.obj)
 .text.sys_slist_remove
                0x08004180       0x26 zephyr/drivers/gpio/libdrivers__gpio.a(gpio_stm32.c.obj)
 .text.sys_slist_find_and_remove
                0x080041a6       0x20 zephyr/drivers/gpio/libdrivers__gpio.a(gpio_stm32.c.obj)
 .text.gpio_manage_callback
                0x080041c6       0x3e zephyr/drivers/gpio/libdrivers__gpio.a(gpio_stm32.c.obj)
 .text.gpio_fire_callbacks
                0x08004204       0x40 zephyr/drivers/gpio/libdrivers__gpio.a(gpio_stm32.c.obj)
 .text.gpio_stm32_isr
                0x08004244        0xe zephyr/drivers/gpio/libdrivers__gpio.a(gpio_stm32.c.obj)
 .text.gpio_stm32_flags_to_conf
                0x08004252       0x68 zephyr/drivers/gpio/libdrivers__gpio.a(gpio_stm32.c.obj)
 .text.gpio_stm32_port_get_raw
                0x080042ba        0xc zephyr/drivers/gpio/libdrivers__gpio.a(gpio_stm32.c.obj)
 .text.gpio_stm32_port_set_masked_raw
                0x080042c6       0x12 zephyr/drivers/gpio/libdrivers__gpio.a(gpio_stm32.c.obj)
 .text.gpio_stm32_port_set_bits_raw
                0x080042d8        0xa zephyr/drivers/gpio/libdrivers__gpio.a(gpio_stm32.c.obj)
 .text.gpio_stm32_port_clear_bits_raw
                0x080042e2        0xc zephyr/drivers/gpio/libdrivers__gpio.a(gpio_stm32.c.obj)
 .text.gpio_stm32_port_toggle_bits
                0x080042ee        0xe zephyr/drivers/gpio/libdrivers__gpio.a(gpio_stm32.c.obj)
 .text.gpio_stm32_manage_callback
                0x080042fc        0xc zephyr/drivers/gpio/libdrivers__gpio.a(gpio_stm32.c.obj)
 .text.gpio_stm32_disable_pin_irqs
                0x08004308       0x30 zephyr/drivers/gpio/libdrivers__gpio.a(gpio_stm32.c.obj)
 .text.gpio_stm32_config
                0x08004338       0x78 zephyr/drivers/gpio/libdrivers__gpio.a(gpio_stm32.c.obj)
 .text.pinctrl_lookup_state
                0x080043b0       0x32 zephyr/drivers/pinctrl/libdrivers__pinctrl.a(common.c.obj)
                0x080043b0                pinctrl_lookup_state
 .text.pinctrl_configure_pins
                0x080043e2       0x42 zephyr/drivers/pinctrl/libdrivers__pinctrl.a(pinctrl_stm32.c.obj)
                0x080043e2                pinctrl_configure_pins
 .text.reset_stm32_status
                0x08004424       0x22 zephyr/drivers/reset/libdrivers__reset.a(reset_stm32.c.obj)
 .text.reset_stm32_line_assert
                0x08004446       0x1e zephyr/drivers/reset/libdrivers__reset.a(reset_stm32.c.obj)
 .text.reset_stm32_line_deassert
                0x08004464       0x20 zephyr/drivers/reset/libdrivers__reset.a(reset_stm32.c.obj)
 .text.reset_stm32_line_toggle
                0x08004484       0x16 zephyr/drivers/reset/libdrivers__reset.a(reset_stm32.c.obj)
 .text.reset_line_toggle
                0x0800449a       0x12 zephyr/drivers/serial/libdrivers__serial.a(uart_stm32.c.obj)
 .text.uart_stm32_parameters_set
                0x080044ac      0x122 zephyr/drivers/serial/libdrivers__serial.a(uart_stm32.c.obj)
 .text.uart_stm32_config_get
                0x080045ce       0x94 zephyr/drivers/serial/libdrivers__serial.a(uart_stm32.c.obj)
 .text.uart_stm32_poll_in_visitor
                0x08004662       0x34 zephyr/drivers/serial/libdrivers__serial.a(uart_stm32.c.obj)
 .text.uart_stm32_poll_out_visitor
                0x08004696       0x3a zephyr/drivers/serial/libdrivers__serial.a(uart_stm32.c.obj)
 .text.poll_in_u8
                0x080046d0        0x6 zephyr/drivers/serial/libdrivers__serial.a(uart_stm32.c.obj)
 .text.poll_out_u8
                0x080046d6        0x6 zephyr/drivers/serial/libdrivers__serial.a(uart_stm32.c.obj)
 .text.uart_stm32_err_check
                0x080046dc       0x9a zephyr/drivers/serial/libdrivers__serial.a(uart_stm32.c.obj)
 .text.uart_stm32_clocks_enable
                0x08004776       0x18 zephyr/drivers/serial/libdrivers__serial.a(uart_stm32.c.obj)
 .text.pinctrl_apply_state
                0x0800478e       0x20 zephyr/drivers/serial/libdrivers__serial.a(uart_stm32.c.obj)
 .text.uart_stm32_registers_configure
                0x080047ae       0x6c zephyr/drivers/serial/libdrivers__serial.a(uart_stm32.c.obj)
 .text.uart_stm32_init
                0x0800481a       0x28 zephyr/drivers/serial/libdrivers__serial.a(uart_stm32.c.obj)
 .text.sys_clock_announce
                0x08004842       0x16 zephyr/drivers/timer/libdrivers__timer.a(cortex_m_systick.c.obj)
 .text.do_device_init
                0x08004858       0x32 zephyr/kernel/libkernel.a(device.c.obj)
                0x08004858                do_device_init
 .text.z_impl_device_is_ready
                0x0800488a       0x20 zephyr/kernel/libkernel.a(device.c.obj)
                0x0800488a                z_impl_device_is_ready
 .text.arch_system_halt
                0x080048aa       0x10 zephyr/kernel/libkernel.a(fatal.c.obj)
                0x080048aa                arch_system_halt
 .text.k_sys_fatal_error_handler
                0x080048ba        0x6 zephyr/kernel/libkernel.a(fatal.c.obj)
                0x080048ba                k_sys_fatal_error_handler
 .text.idle     0x080048c0       0x16 zephyr/kernel/libkernel.a(idle.c.obj)
                0x080048c0                idle
 .text.arch_spin_relax
                0x080048d6        0x4 zephyr/kernel/libkernel.a(idle.c.obj)
                0x080048d6                arch_spin_relax
 .text.setup_thread_stack
                0x080048da       0x46 zephyr/kernel/libkernel.a(thread.c.obj)
 .text.z_init_thread_base
                0x08004920       0x16 zephyr/kernel/libkernel.a(thread.c.obj)
                0x08004920                z_init_thread_base
 .text.z_thread_abort
                0x08004936       0x44 zephyr/kernel/libkernel.a(thread.c.obj)
                0x08004936                z_thread_abort
 .text.z_impl_k_yield
                0x0800497a        0x8 zephyr/kernel/libkernel.a(thread.c.obj)
                0x0800497a                z_impl_k_yield
 .text.thread_active_elsewhere
                0x08004982        0x4 zephyr/kernel/libkernel.a(sched.c.obj)
 .text.add_to_waitq_locked
                0x08004986       0x60 zephyr/kernel/libkernel.a(sched.c.obj)
 .text.unpend_all
                0x080049e6       0x44 zephyr/kernel/libkernel.a(sched.c.obj)
 .text.z_ready_thread
                0x08004a2a       0x36 zephyr/kernel/libkernel.a(sched.c.obj)
                0x08004a2a                z_ready_thread
 .text.z_sched_ready_locked
                0x08004a60        0x8 zephyr/kernel/libkernel.a(sched.c.obj)
                0x08004a60                z_sched_ready_locked
 .text.z_sched_unready_locked
                0x08004a68        0x8 zephyr/kernel/libkernel.a(sched.c.obj)
                0x08004a68                z_sched_unready_locked
 .text.z_sched_wake_thread_locked
                0x08004a70       0x34 zephyr/kernel/libkernel.a(sched.c.obj)
                0x08004a70                z_sched_wake_thread_locked
 .text.z_thread_timeout
                0x08004aa4       0x2e zephyr/kernel/libkernel.a(sched.c.obj)
                0x08004aa4                z_thread_timeout
 .text.z_reschedule
                0x08004ad2        0x8 zephyr/kernel/libkernel.a(sched.c.obj)
                0x08004ad2                z_reschedule
 .text.remove_timeout
                0x08004ada       0x2e zephyr/kernel/libkernel.a(timeout.c.obj)
 .text.next_timeout
                0x08004b08       0x36 zephyr/kernel/libkernel.a(timeout.c.obj)
 .text.z_abort_timeout
                0x08004b3e       0x7e zephyr/kernel/libkernel.a(timeout.c.obj)
                0x08004b3e                z_abort_timeout
 .text.sys_clock_tick_get_32
                0x08004bbc        0x8 zephyr/kernel/libkernel.a(timeout.c.obj)
                0x08004bbc                sys_clock_tick_get_32
 *(SORT_BY_ALIGNMENT(.gnu.linkonce.t.*))
 *(SORT_BY_ALIGNMENT(.glue_7t))
 .glue_7t       0x08004bc4        0x0 linker stubs
 *(SORT_BY_ALIGNMENT(.glue_7))
 .glue_7        0x08004bc4        0x0 linker stubs
 *(SORT_BY_ALIGNMENT(.vfp11_veneer))
 .vfp11_veneer  0x08004bc4        0x0 linker stubs
 *(SORT_BY_ALIGNMENT(.v4_bx))
 .v4_bx         0x08004bc4        0x0 linker stubs
                0x08004bc4                        . = ALIGN (0x4)
                0x08004bc4                        __text_region_end = .

.ARM.extab
 *(SORT_BY_ALIGNMENT(.ARM.extab*) SORT_BY_ALIGNMENT(.gnu.linkonce.armextab.*))

.ARM.exidx      0x08004bc4        0x8
                0x08004bc4                        __exidx_start = .
 *(SORT_BY_ALIGNMENT(.ARM.exidx*) SORT_BY_ALIGNMENT(gnu.linkonce.armexidx.*))
 .ARM.exidx     0x08004bc4        0x8 /Users/hepmac/zephyr-sdk-1.0.1/gnu/arm-zephyr-eabi/bin/../lib/gcc/arm-zephyr-eabi/14.3.0/thumb/v7e-m/nofp/libgcc.a(_udivmoddi4.o)
                0x08004bcc                        __exidx_end = .
                0x08004bcc                        __rodata_region_start = .

initlevel       0x08004bcc       0x90
                0x08004bcc                        __init_start = .
                0x08004bcc                        __init_EARLY_start = .
 *(SORT_BY_NAME(SORT_BY_ALIGNMENT(.z_init_EARLY_P_?_*)))
 *(SORT_BY_NAME(SORT_BY_ALIGNMENT(.z_init_EARLY_P_??_*)))
 *(SORT_BY_NAME(SORT_BY_ALIGNMENT(.z_init_EARLY_P_???_*)))
                0x08004bcc                        __init_PRE_KERNEL_1_start = .
 *(SORT_BY_NAME(SORT_BY_ALIGNMENT(.z_init_PRE_KERNEL_1_P_?_*)))
 .z_init_PRE_KERNEL_1_P_1_SUB_00008_
                0x08004bcc        0x8 zephyr/drivers/clock_control/libdrivers__clock_control.a(clock_stm32_ll_common.c.obj)
 .z_init_PRE_KERNEL_1_P_1_SUB_0_
                0x08004bd4        0x8 zephyr/libzephyr.a(soc_config.c.obj)
 *(SORT_BY_NAME(SORT_BY_ALIGNMENT(.z_init_PRE_KERNEL_1_P_??_*)))
 .z_init_PRE_KERNEL_1_P_35_SUB_00054_
                0x08004bdc        0x8 zephyr/drivers/reset/libdrivers__reset.a(reset_stm32.c.obj)
 .z_init_PRE_KERNEL_1_P_40_SUB_00035_
                0x08004be4        0x8 zephyr/libzephyr.a(gpioport_mgr.c.obj)
 .z_init_PRE_KERNEL_1_P_40_SUB_00038_
                0x08004bec        0x8 zephyr/libzephyr.a(gpioport_mgr.c.obj)
 .z_init_PRE_KERNEL_1_P_40_SUB_00053_
                0x08004bf4        0x8 zephyr/drivers/interrupt_controller/libdrivers__interrupt_controller.a(intc_exti_stm32.c.obj)
 .z_init_PRE_KERNEL_1_P_40_SUB_00073_
                0x08004bfc        0x8 zephyr/libzephyr.a(gpioport_mgr.c.obj)
 .z_init_PRE_KERNEL_1_P_40_SUB_00074_
                0x08004c04        0x8 zephyr/libzephyr.a(gpioport_mgr.c.obj)
 .z_init_PRE_KERNEL_1_P_40_SUB_00075_
                0x08004c0c        0x8 zephyr/libzephyr.a(gpioport_mgr.c.obj)
 .z_init_PRE_KERNEL_1_P_40_SUB_00076_
                0x08004c14        0x8 zephyr/libzephyr.a(gpioport_mgr.c.obj)
 .z_init_PRE_KERNEL_1_P_40_SUB_00077_
                0x08004c1c        0x8 zephyr/libzephyr.a(gpioport_mgr.c.obj)
 .z_init_PRE_KERNEL_1_P_40_SUB_00078_
                0x08004c24        0x8 zephyr/libzephyr.a(gpioport_mgr.c.obj)
 .z_init_PRE_KERNEL_1_P_40_SUB_0_
                0x08004c2c        0x8 zephyr/drivers/interrupt_controller/libdrivers__interrupt_controller.a(intc_gpio_stm32.c.obj)
 .z_init_PRE_KERNEL_1_P_50_SUB_00058_
                0x08004c34        0x8 zephyr/drivers/serial/libdrivers__serial.a(uart_stm32.c.obj)
 .z_init_PRE_KERNEL_1_P_60_SUB_0_
                0x08004c3c        0x8 zephyr/drivers/console/libdrivers__console.a(uart_console.c.obj)
 *(SORT_BY_NAME(SORT_BY_ALIGNMENT(.z_init_PRE_KERNEL_1_P_???_*)))
                0x08004c44                        __init_PRE_KERNEL_2_start = .
 *(SORT_BY_NAME(SORT_BY_ALIGNMENT(.z_init_PRE_KERNEL_2_P_?_*)))
 .z_init_PRE_KERNEL_2_P_0_SUB_0_
                0x08004c44        0x8 zephyr/drivers/timer/libdrivers__timer.a(cortex_m_systick.c.obj)
 *(SORT_BY_NAME(SORT_BY_ALIGNMENT(.z_init_PRE_KERNEL_2_P_??_*)))
 *(SORT_BY_NAME(SORT_BY_ALIGNMENT(.z_init_PRE_KERNEL_2_P_???_*)))
                0x08004c4c                        __init_POST_KERNEL_start = .
 *(SORT_BY_NAME(SORT_BY_ALIGNMENT(.z_init_POST_KERNEL_P_?_*)))
 *(SORT_BY_NAME(SORT_BY_ALIGNMENT(.z_init_POST_KERNEL_P_??_*)))
 .z_init_POST_KERNEL_P_35_SUB_0_
                0x08004c4c        0x8 zephyr/lib/libc/common/liblib__libc__common.a(malloc.c.obj)
 *(SORT_BY_NAME(SORT_BY_ALIGNMENT(.z_init_POST_KERNEL_P_???_*)))
                0x08004c54                        __init_APPLICATION_start = .
 *(SORT_BY_NAME(SORT_BY_ALIGNMENT(.z_init_APPLICATION_P_?_*)))
 .z_init_APPLICATION_P_0_SUB_0_
                0x08004c54        0x8 zephyr/libzephyr.a(boot_banner.c.obj)
 *(SORT_BY_NAME(SORT_BY_ALIGNMENT(.z_init_APPLICATION_P_??_*)))
 *(SORT_BY_NAME(SORT_BY_ALIGNMENT(.z_init_APPLICATION_P_???_*)))
                0x08004c5c                        __init_SMP_start = .
 *(SORT_BY_NAME(SORT_BY_ALIGNMENT(.z_init_SMP_P_?_*)))
 *(SORT_BY_NAME(SORT_BY_ALIGNMENT(.z_init_SMP_P_??_*)))
 *(SORT_BY_NAME(SORT_BY_ALIGNMENT(.z_init_SMP_P_???_*)))
                0x08004c5c                        __init_end = .

device_area     0x08004c5c      0x150
                0x08004c5c                        _device_list_start = .
 *(SORT_BY_NAME(SORT_BY_ALIGNMENT(._device.static.*_?_*)))
 ._device.static.1_1_
                0x08004c5c       0x1c zephyr/drivers/clock_control/libdrivers__clock_control.a(clock_stm32_ll_common.c.obj)
                0x08004c5c                __device_dts_ord_8
 *(SORT_BY_NAME(SORT_BY_ALIGNMENT(._device.static.*_??_*)))
 ._device.static.1_35_
                0x08004c78       0x1c zephyr/drivers/reset/libdrivers__reset.a(reset_stm32.c.obj)
                0x08004c78                __device_dts_ord_54
 ._device.static.1_40_
                0x08004c94       0xe0 zephyr/libzephyr.a(gpioport_mgr.c.obj)
                0x08004c94                __device_dts_ord_78
                0x08004cb0                __device_dts_ord_77
                0x08004ccc                __device_dts_ord_76
                0x08004ce8                __device_dts_ord_75
                0x08004d04                __device_dts_ord_74
                0x08004d20                __device_dts_ord_35
                0x08004d3c                __device_dts_ord_73
                0x08004d58                __device_dts_ord_38
 ._device.static.1_40_
                0x08004d74       0x1c zephyr/drivers/interrupt_controller/libdrivers__interrupt_controller.a(intc_exti_stm32.c.obj)
                0x08004d74                __device_dts_ord_53
 ._device.static.1_50_
                0x08004d90       0x1c zephyr/drivers/serial/libdrivers__serial.a(uart_stm32.c.obj)
                0x08004d90                __device_dts_ord_58
 *(SORT_BY_NAME(SORT_BY_ALIGNMENT(._device.static.*_???_*)))
 *(SORT_BY_NAME(SORT_BY_ALIGNMENT(._device.static.*_????_*)))
 *(SORT_BY_NAME(SORT_BY_ALIGNMENT(._device.static.*_?????_*)))
                0x08004dac                        _device_list_end = .

sw_isr_table    0x08004dac      0x148
                0x08004dac                        . = ALIGN (0x4)
 *(SORT_BY_ALIGNMENT(.gnu.linkonce.sw_isr_table*))
 .gnu.linkonce.sw_isr_table
                0x08004dac      0x148 zephyr/CMakeFiles/zephyr_final.dir/isr_tables.c.obj
                0x08004dac                _sw_isr_table

initlevel_error
 *(SORT_BY_NAME(SORT_BY_ALIGNMENT(.z_init_*)))
                0x00000001                        ASSERT ((SIZEOF (initlevel_error) == 0x0), Undefined initialization levels used.)

app_shmem_regions
                0x08004ef4        0x0
                0x08004ef4                        __app_shmem_regions_start = .
 *(SORT_BY_NAME(SORT_BY_ALIGNMENT(.app_regions.*)))
                0x08004ef4                        __app_shmem_regions_end = .

k_p4wq_initparam_area
                0x08004ef4        0x0
                0x08004ef4                        _k_p4wq_initparam_list_start = .
 *(SORT_BY_NAME(SORT_BY_ALIGNMENT(._k_p4wq_initparam.static.*)))
                0x08004ef4                        _k_p4wq_initparam_list_end = .

_static_thread_data_area
                0x08004ef4        0x0
                0x08004ef4                        __static_thread_data_list_start = .
 *(SORT_BY_NAME(SORT_BY_ALIGNMENT(.__static_thread_data.static.*)))
                0x08004ef4                        __static_thread_data_list_end = .

device_deps     0x08004ef4        0x0
                0x08004ef4                        __device_deps_start = .
 *(SORT_BY_NAME(SORT_BY_ALIGNMENT(.__device_deps_pass2*)))
                0x08004ef4                        __device_deps_end = .

device_api_area
                0x08004ef4       0x64
                0x08004ef4                        _gpio_driver_api_list_start = .
 *(SORT_BY_NAME(SORT_BY_ALIGNMENT(._gpio_driver_api.static.*)))
 ._gpio_driver_api.static.gpio_stm32_driver_
                0x08004ef4       0x24 zephyr/drivers/gpio/libdrivers__gpio.a(gpio_stm32.c.obj)
                0x08004ef4                gpio_stm32_driver
                0x08004f18                        _gpio_driver_api_list_end = .
                0x08004f18                        _gpio_driver_api_ext_end = .
                0x08004f18                        _reset_driver_api_list_start = .
 *(SORT_BY_NAME(SORT_BY_ALIGNMENT(._reset_driver_api.static.*)))
 ._reset_driver_api.static.reset_stm32_driver_api_
                0x08004f18       0x10 zephyr/drivers/reset/libdrivers__reset.a(reset_stm32.c.obj)
                0x08004f28                        _reset_driver_api_list_end = .
                0x08004f28                        _reset_driver_api_ext_end = .
                0x08004f28                        _shared_irq_driver_api_list_start = .
 *(SORT_BY_NAME(SORT_BY_ALIGNMENT(._shared_irq_driver_api.static.*)))
                0x08004f28                        _shared_irq_driver_api_list_end = .
                0x08004f28                        _shared_irq_driver_api_ext_end = .
                0x08004f28                        _dmic_driver_api_list_start = .
 *(SORT_BY_NAME(SORT_BY_ALIGNMENT(._dmic_driver_api.static.*)))
                0x08004f28                        _dmic_driver_api_list_end = .
                0x08004f28                        _dmic_driver_api_ext_end = .
                0x08004f28                        _crypto_driver_api_list_start = .
 *(SORT_BY_NAME(SORT_BY_ALIGNMENT(._crypto_driver_api.static.*)))
                0x08004f28                        _crypto_driver_api_list_end = .
                0x08004f28                        _crypto_driver_api_ext_end = .
                0x08004f28                        _adc_driver_api_list_start = .
 *(SORT_BY_NAME(SORT_BY_ALIGNMENT(._adc_driver_api.static.*)))
                0x08004f28                        _adc_driver_api_list_end = .
                0x08004f28                        _adc_driver_api_ext_end = .
                0x08004f28                        _auxdisplay_driver_api_list_start = .
 *(SORT_BY_NAME(SORT_BY_ALIGNMENT(._auxdisplay_driver_api.static.*)))
                0x08004f28                        _auxdisplay_driver_api_list_end = .
                0x08004f28                        _auxdisplay_driver_api_ext_end = .
                0x08004f28                        _bbram_driver_api_list_start = .
 *(SORT_BY_NAME(SORT_BY_ALIGNMENT(._bbram_driver_api.static.*)))
                0x08004f28                        _bbram_driver_api_list_end = .
                0x08004f28                        _bbram_driver_api_ext_end = .
                0x08004f28                        _biometric_driver_api_list_start = .
 *(SORT_BY_NAME(SORT_BY_ALIGNMENT(._biometric_driver_api.static.*)))
                0x08004f28                        _biometric_driver_api_list_end = .
                0x08004f28                        _biometric_driver_api_ext_end = .
                0x08004f28                        _bt_hci_driver_api_list_start = .
 *(SORT_BY_NAME(SORT_BY_ALIGNMENT(._bt_hci_driver_api.static.*)))
                0x08004f28                        _bt_hci_driver_api_list_end = .
                0x08004f28                        _bt_hci_driver_api_ext_end = .
                0x08004f28                        _can_driver_api_list_start = .
 *(SORT_BY_NAME(SORT_BY_ALIGNMENT(._can_driver_api.static.*)))
                0x08004f28                        _can_driver_api_list_end = .
                0x08004f28                        _can_driver_api_ext_end = .
                0x08004f28                        _cellular_driver_api_list_start = .
 *(SORT_BY_NAME(SORT_BY_ALIGNMENT(._cellular_driver_api.static.*)))
                0x08004f28                        _cellular_driver_api_list_end = .
                0x08004f28                        _cellular_driver_api_ext_end = .
                0x08004f28                        _charger_driver_api_list_start = .
 *(SORT_BY_NAME(SORT_BY_ALIGNMENT(._charger_driver_api.static.*)))
                0x08004f28                        _charger_driver_api_list_end = .
                0x08004f28                        _charger_driver_api_ext_end = .
                0x08004f28                        _clock_control_driver_api_list_start = .
 *(SORT_BY_NAME(SORT_BY_ALIGNMENT(._clock_control_driver_api.static.*)))
 ._clock_control_driver_api.static.stm32_clock_control_api_
                0x08004f28       0x1c zephyr/drivers/clock_control/libdrivers__clock_control.a(clock_stm32_ll_common.c.obj)
                0x08004f44                        _clock_control_driver_api_list_end = .
                0x08004f44                        _nrf_clock_control_driver_api_list_start = .
 *(SORT_BY_NAME(SORT_BY_ALIGNMENT(._nrf_clock_control_driver_api.static.*)))
                0x08004f44                        _nrf_clock_control_driver_api_list_end = .
                0x08004f44                        _nrf_clock_control_driver_api_ext_end = .
                0x08004f44                        _clock_control_driver_api_ext_end = .
                0x08004f44                        _comparator_driver_api_list_start = .
 *(SORT_BY_NAME(SORT_BY_ALIGNMENT(._comparator_driver_api.static.*)))
                0x08004f44                        _comparator_driver_api_list_end = .
                0x08004f44                        _comparator_driver_api_ext_end = .
                0x08004f44                        _coredump_driver_api_list_start = .
 *(SORT_BY_NAME(SORT_BY_ALIGNMENT(._coredump_driver_api.static.*)))
                0x08004f44                        _coredump_driver_api_list_end = .
                0x08004f44                        _coredump_driver_api_ext_end = .
                0x08004f44                        _counter_driver_api_list_start = .
 *(SORT_BY_NAME(SORT_BY_ALIGNMENT(._counter_driver_api.static.*)))
                0x08004f44                        _counter_driver_api_list_end = .
                0x08004f44                        _counter_driver_api_ext_end = .
                0x08004f44                        _crc_driver_api_list_start = .
 *(SORT_BY_NAME(SORT_BY_ALIGNMENT(._crc_driver_api.static.*)))
                0x08004f44                        _crc_driver_api_list_end = .
                0x08004f44                        _crc_driver_api_ext_end = .
                0x08004f44                        _dac_driver_api_list_start = .
 *(SORT_BY_NAME(SORT_BY_ALIGNMENT(._dac_driver_api.static.*)))
                0x08004f44                        _dac_driver_api_list_end = .
                0x08004f44                        _dac_driver_api_ext_end = .
                0x08004f44                        _dai_driver_api_list_start = .
 *(SORT_BY_NAME(SORT_BY_ALIGNMENT(._dai_driver_api.static.*)))
                0x08004f44                        _dai_driver_api_list_end = .
                0x08004f44                        _dai_driver_api_ext_end = .
                0x08004f44                        _display_driver_api_list_start = .
 *(SORT_BY_NAME(SORT_BY_ALIGNMENT(._display_driver_api.static.*)))
                0x08004f44                        _display_driver_api_list_end = .
                0x08004f44                        _display_driver_api_ext_end = .
                0x08004f44                        _dma_driver_api_list_start = .
 *(SORT_BY_NAME(SORT_BY_ALIGNMENT(._dma_driver_api.static.*)))
                0x08004f44                        _dma_driver_api_list_end = .
                0x08004f44                        _dma_driver_api_ext_end = .
                0x08004f44                        _edac_driver_api_list_start = .
 *(SORT_BY_NAME(SORT_BY_ALIGNMENT(._edac_driver_api.static.*)))
                0x08004f44                        _edac_driver_api_list_end = .
                0x08004f44                        _edac_driver_api_ext_end = .
                0x08004f44                        _eeprom_driver_api_list_start = .
 *(SORT_BY_NAME(SORT_BY_ALIGNMENT(._eeprom_driver_api.static.*)))
                0x08004f44                        _eeprom_driver_api_list_end = .
                0x08004f44                        _eeprom_driver_api_ext_end = .
                0x08004f44                        _emul_bbram_driver_api_list_start = .
 *(SORT_BY_NAME(SORT_BY_ALIGNMENT(._emul_bbram_driver_api.static.*)))
                0x08004f44                        _emul_bbram_driver_api_list_end = .
                0x08004f44                        _emul_bbram_driver_api_ext_end = .
                0x08004f44                        _fuel_gauge_emul_driver_api_list_start = .
 *(SORT_BY_NAME(SORT_BY_ALIGNMENT(._fuel_gauge_emul_driver_api.static.*)))
                0x08004f44                        _fuel_gauge_emul_driver_api_list_end = .
                0x08004f44                        _fuel_gauge_emul_driver_api_ext_end = .
                0x08004f44                        _emul_sensor_driver_api_list_start = .
 *(SORT_BY_NAME(SORT_BY_ALIGNMENT(._emul_sensor_driver_api.static.*)))
                0x08004f44                        _emul_sensor_driver_api_list_end = .
                0x08004f44                        _emul_sensor_driver_api_ext_end = .
                0x08004f44                        _entropy_driver_api_list_start = .
 *(SORT_BY_NAME(SORT_BY_ALIGNMENT(._entropy_driver_api.static.*)))
                0x08004f44                        _entropy_driver_api_list_end = .
                0x08004f44                        _entropy_driver_api_ext_end = .
                0x08004f44                        _espi_driver_api_list_start = .
 *(SORT_BY_NAME(SORT_BY_ALIGNMENT(._espi_driver_api.static.*)))
                0x08004f44                        _espi_driver_api_list_end = .
                0x08004f44                        _espi_driver_api_ext_end = .
                0x08004f44                        _espi_saf_driver_api_list_start = .
 *(SORT_BY_NAME(SORT_BY_ALIGNMENT(._espi_saf_driver_api.static.*)))
                0x08004f44                        _espi_saf_driver_api_list_end = .
                0x08004f44                        _espi_saf_driver_api_ext_end = .
                0x08004f44                        _flash_driver_api_list_start = .
 *(SORT_BY_NAME(SORT_BY_ALIGNMENT(._flash_driver_api.static.*)))
                0x08004f44                        _flash_driver_api_list_end = .
                0x08004f44                        _flash_driver_api_ext_end = .
                0x08004f44                        _fpga_driver_api_list_start = .
 *(SORT_BY_NAME(SORT_BY_ALIGNMENT(._fpga_driver_api.static.*)))
                0x08004f44                        _fpga_driver_api_list_end = .
                0x08004f44                        _fpga_driver_api_ext_end = .
                0x08004f44                        _fuel_gauge_driver_api_list_start = .
 *(SORT_BY_NAME(SORT_BY_ALIGNMENT(._fuel_gauge_driver_api.static.*)))
                0x08004f44                        _fuel_gauge_driver_api_list_end = .
                0x08004f44                        _fuel_gauge_driver_api_ext_end = .
                0x08004f44                        _gnss_driver_api_list_start = .
 *(SORT_BY_NAME(SORT_BY_ALIGNMENT(._gnss_driver_api.static.*)))
                0x08004f44                        _gnss_driver_api_list_end = .
                0x08004f44                        _gnss_driver_api_ext_end = .
                0x08004f44                        _haptics_driver_api_list_start = .
 *(SORT_BY_NAME(SORT_BY_ALIGNMENT(._haptics_driver_api.static.*)))
                0x08004f44                        _haptics_driver_api_list_end = .
                0x08004f44                        _haptics_driver_api_ext_end = .
                0x08004f44                        _hwspinlock_driver_api_list_start = .
 *(SORT_BY_NAME(SORT_BY_ALIGNMENT(._hwspinlock_driver_api.static.*)))
                0x08004f44                        _hwspinlock_driver_api_list_end = .
                0x08004f44                        _hwspinlock_driver_api_ext_end = .
                0x08004f44                        _i2c_driver_api_list_start = .
 *(SORT_BY_NAME(SORT_BY_ALIGNMENT(._i2c_driver_api.static.*)))
                0x08004f44                        _i2c_driver_api_list_end = .
                0x08004f44                        _i3c_driver_api_list_start = .
 *(SORT_BY_NAME(SORT_BY_ALIGNMENT(._i3c_driver_api.static.*)))
                0x08004f44                        _i3c_driver_api_list_end = .
                0x08004f44                        _i3c_driver_api_ext_end = .
                0x08004f44                        _i2c_driver_api_ext_end = .
                0x08004f44                        _i2c_target_driver_api_list_start = .
 *(SORT_BY_NAME(SORT_BY_ALIGNMENT(._i2c_target_driver_api.static.*)))
                0x08004f44                        _i2c_target_driver_api_list_end = .
                0x08004f44                        _i2c_target_driver_api_ext_end = .
                0x08004f44                        _i2s_driver_api_list_start = .
 *(SORT_BY_NAME(SORT_BY_ALIGNMENT(._i2s_driver_api.static.*)))
                0x08004f44                        _i2s_driver_api_list_end = .
                0x08004f44                        _i2s_driver_api_ext_end = .
                0x08004f44                        _ipm_driver_api_list_start = .
 *(SORT_BY_NAME(SORT_BY_ALIGNMENT(._ipm_driver_api.static.*)))
                0x08004f44                        _ipm_driver_api_list_end = .
                0x08004f44                        _ipm_driver_api_ext_end = .
                0x08004f44                        _led_driver_api_list_start = .
 *(SORT_BY_NAME(SORT_BY_ALIGNMENT(._led_driver_api.static.*)))
                0x08004f44                        _led_driver_api_list_end = .
                0x08004f44                        _led_driver_api_ext_end = .
                0x08004f44                        _led_strip_driver_api_list_start = .
 *(SORT_BY_NAME(SORT_BY_ALIGNMENT(._led_strip_driver_api.static.*)))
                0x08004f44                        _led_strip_driver_api_list_end = .
                0x08004f44                        _led_strip_driver_api_ext_end = .
                0x08004f44                        _lora_driver_api_list_start = .
 *(SORT_BY_NAME(SORT_BY_ALIGNMENT(._lora_driver_api.static.*)))
                0x08004f44                        _lora_driver_api_list_end = .
                0x08004f44                        _lora_driver_api_ext_end = .
                0x08004f44                        _mbox_driver_api_list_start = .
 *(SORT_BY_NAME(SORT_BY_ALIGNMENT(._mbox_driver_api.static.*)))
                0x08004f44                        _mbox_driver_api_list_end = .
                0x08004f44                        _mbox_driver_api_ext_end = .
                0x08004f44                        _mdio_driver_api_list_start = .
 *(SORT_BY_NAME(SORT_BY_ALIGNMENT(._mdio_driver_api.static.*)))
                0x08004f44                        _mdio_driver_api_list_end = .
                0x08004f44                        _mdio_driver_api_ext_end = .
                0x08004f44                        _mipi_dbi_driver_api_list_start = .
 *(SORT_BY_NAME(SORT_BY_ALIGNMENT(._mipi_dbi_driver_api.static.*)))
                0x08004f44                        _mipi_dbi_driver_api_list_end = .
                0x08004f44                        _mipi_dbi_driver_api_ext_end = .
                0x08004f44                        _mipi_dsi_driver_api_list_start = .
 *(SORT_BY_NAME(SORT_BY_ALIGNMENT(._mipi_dsi_driver_api.static.*)))
                0x08004f44                        _mipi_dsi_driver_api_list_end = .
                0x08004f44                        _mipi_dsi_driver_api_ext_end = .
                0x08004f44                        _mspi_driver_api_list_start = .
 *(SORT_BY_NAME(SORT_BY_ALIGNMENT(._mspi_driver_api.static.*)))
                0x08004f44                        _mspi_driver_api_list_end = .
                0x08004f44                        _mspi_driver_api_ext_end = .
                0x08004f44                        _opamp_driver_api_list_start = .
 *(SORT_BY_NAME(SORT_BY_ALIGNMENT(._opamp_driver_api.static.*)))
                0x08004f44                        _opamp_driver_api_list_end = .
                0x08004f44                        _opamp_driver_api_ext_end = .
                0x08004f44                        _otp_driver_api_list_start = .
 *(SORT_BY_NAME(SORT_BY_ALIGNMENT(._otp_driver_api.static.*)))
                0x08004f44                        _otp_driver_api_list_end = .
                0x08004f44                        _otp_driver_api_ext_end = .
                0x08004f44                        _peci_driver_api_list_start = .
 *(SORT_BY_NAME(SORT_BY_ALIGNMENT(._peci_driver_api.static.*)))
                0x08004f44                        _peci_driver_api_list_end = .
                0x08004f44                        _peci_driver_api_ext_end = .
                0x08004f44                        _ps2_driver_api_list_start = .
 *(SORT_BY_NAME(SORT_BY_ALIGNMENT(._ps2_driver_api.static.*)))
                0x08004f44                        _ps2_driver_api_list_end = .
                0x08004f44                        _ps2_driver_api_ext_end = .
                0x08004f44                        _ptp_clock_driver_api_list_start = .
 *(SORT_BY_NAME(SORT_BY_ALIGNMENT(._ptp_clock_driver_api.static.*)))
                0x08004f44                        _ptp_clock_driver_api_list_end = .
                0x08004f44                        _ptp_clock_driver_api_ext_end = .
                0x08004f44                        _pwm_driver_api_list_start = .
 *(SORT_BY_NAME(SORT_BY_ALIGNMENT(._pwm_driver_api.static.*)))
                0x08004f44                        _pwm_driver_api_list_end = .
                0x08004f44                        _pwm_driver_api_ext_end = .
                0x08004f44                        _regulator_parent_driver_api_list_start = .
 *(SORT_BY_NAME(SORT_BY_ALIGNMENT(._regulator_parent_driver_api.static.*)))
                0x08004f44                        _regulator_parent_driver_api_list_end = .
                0x08004f44                        _regulator_parent_driver_api_ext_end = .
                0x08004f44                        _regulator_driver_api_list_start = .
 *(SORT_BY_NAME(SORT_BY_ALIGNMENT(._regulator_driver_api.static.*)))
                0x08004f44                        _regulator_driver_api_list_end = .
                0x08004f44                        _regulator_driver_api_ext_end = .
                0x08004f44                        _retained_mem_driver_api_list_start = .
 *(SORT_BY_NAME(SORT_BY_ALIGNMENT(._retained_mem_driver_api.static.*)))
                0x08004f44                        _retained_mem_driver_api_list_end = .
                0x08004f44                        _retained_mem_driver_api_ext_end = .
                0x08004f44                        _rtc_driver_api_list_start = .
 *(SORT_BY_NAME(SORT_BY_ALIGNMENT(._rtc_driver_api.static.*)))
                0x08004f44                        _rtc_driver_api_list_end = .
                0x08004f44                        _rtc_driver_api_ext_end = .
                0x08004f44                        _sdhc_driver_api_list_start = .
 *(SORT_BY_NAME(SORT_BY_ALIGNMENT(._sdhc_driver_api.static.*)))
                0x08004f44                        _sdhc_driver_api_list_end = .
                0x08004f44                        _sdhc_driver_api_ext_end = .
                0x08004f44                        _sensor_driver_api_list_start = .
 *(SORT_BY_NAME(SORT_BY_ALIGNMENT(._sensor_driver_api.static.*)))
                0x08004f44                        _sensor_driver_api_list_end = .
                0x08004f44                        _sensor_driver_api_ext_end = .
                0x08004f44                        _smbus_driver_api_list_start = .
 *(SORT_BY_NAME(SORT_BY_ALIGNMENT(._smbus_driver_api.static.*)))
                0x08004f44                        _smbus_driver_api_list_end = .
                0x08004f44                        _smbus_driver_api_ext_end = .
                0x08004f44                        _spi_driver_api_list_start = .
 *(SORT_BY_NAME(SORT_BY_ALIGNMENT(._spi_driver_api.static.*)))
                0x08004f44                        _spi_driver_api_list_end = .
                0x08004f44                        _spi_driver_api_ext_end = .
                0x08004f44                        _syscon_driver_api_list_start = .
 *(SORT_BY_NAME(SORT_BY_ALIGNMENT(._syscon_driver_api.static.*)))
                0x08004f44                        _syscon_driver_api_list_end = .
                0x08004f44                        _syscon_driver_api_ext_end = .
                0x08004f44                        _tee_driver_api_list_start = .
 *(SORT_BY_NAME(SORT_BY_ALIGNMENT(._tee_driver_api.static.*)))
                0x08004f44                        _tee_driver_api_list_end = .
                0x08004f44                        _tee_driver_api_ext_end = .
                0x08004f44                        _tgpio_driver_api_list_start = .
 *(SORT_BY_NAME(SORT_BY_ALIGNMENT(._tgpio_driver_api.static.*)))
                0x08004f44                        _tgpio_driver_api_list_end = .
                0x08004f44                        _tgpio_driver_api_ext_end = .
                0x08004f44                        _uaol_driver_api_list_start = .
 *(SORT_BY_NAME(SORT_BY_ALIGNMENT(._uaol_driver_api.static.*)))
                0x08004f44                        _uaol_driver_api_list_end = .
                0x08004f44                        _uaol_driver_api_ext_end = .
                0x08004f44                        _video_driver_api_list_start = .
 *(SORT_BY_NAME(SORT_BY_ALIGNMENT(._video_driver_api.static.*)))
                0x08004f44                        _video_driver_api_list_end = .
                0x08004f44                        _video_driver_api_ext_end = .
                0x08004f44                        _virtio_driver_api_list_start = .
 *(SORT_BY_NAME(SORT_BY_ALIGNMENT(._virtio_driver_api.static.*)))
                0x08004f44                        _virtio_driver_api_list_end = .
                0x08004f44                        _virtio_driver_api_ext_end = .
                0x08004f44                        _w1_driver_api_list_start = .
 *(SORT_BY_NAME(SORT_BY_ALIGNMENT(._w1_driver_api.static.*)))
                0x08004f44                        _w1_driver_api_list_end = .
                0x08004f44                        _w1_driver_api_ext_end = .
                0x08004f44                        _wdt_driver_api_list_start = .
 *(SORT_BY_NAME(SORT_BY_ALIGNMENT(._wdt_driver_api.static.*)))
                0x08004f44                        _wdt_driver_api_list_end = .
                0x08004f44                        _wdt_driver_api_ext_end = .
                0x08004f44                        _wuc_driver_api_list_start = .
 *(SORT_BY_NAME(SORT_BY_ALIGNMENT(._wuc_driver_api.static.*)))
                0x08004f44                        _wuc_driver_api_list_end = .
                0x08004f44                        _wuc_driver_api_ext_end = .
                0x08004f44                        _can_transceiver_driver_api_list_start = .
 *(SORT_BY_NAME(SORT_BY_ALIGNMENT(._can_transceiver_driver_api.static.*)))
                0x08004f44                        _can_transceiver_driver_api_list_end = .
                0x08004f44                        _can_transceiver_driver_api_ext_end = .
                0x08004f44                        _i3c_target_driver_api_list_start = .
 *(SORT_BY_NAME(SORT_BY_ALIGNMENT(._i3c_target_driver_api.static.*)))
                0x08004f44                        _i3c_target_driver_api_list_end = .
                0x08004f44                        _i3c_target_driver_api_ext_end = .
                0x08004f44                        _its_driver_api_list_start = .
 *(SORT_BY_NAME(SORT_BY_ALIGNMENT(._its_driver_api.static.*)))
                0x08004f44                        _its_driver_api_list_end = .
                0x08004f44                        _its_driver_api_ext_end = .
                0x08004f44                        _vtd_driver_api_list_start = .
 *(SORT_BY_NAME(SORT_BY_ALIGNMENT(._vtd_driver_api.static.*)))
                0x08004f44                        _vtd_driver_api_list_end = .
                0x08004f44                        _vtd_driver_api_ext_end = .
                0x08004f44                        _renesas_elc_driver_api_list_start = .
 *(SORT_BY_NAME(SORT_BY_ALIGNMENT(._renesas_elc_driver_api.static.*)))
                0x08004f44                        _renesas_elc_driver_api_list_end = .
                0x08004f44                        _renesas_elc_driver_api_ext_end = .
                0x08004f44                        _pcie_ctrl_driver_api_list_start = .
 *(SORT_BY_NAME(SORT_BY_ALIGNMENT(._pcie_ctrl_driver_api.static.*)))
                0x08004f44                        _pcie_ctrl_driver_api_list_end = .
                0x08004f44                        _pcie_ctrl_driver_api_ext_end = .
                0x08004f44                        _pcie_ep_driver_api_list_start = .
 *(SORT_BY_NAME(SORT_BY_ALIGNMENT(._pcie_ep_driver_api.static.*)))
                0x08004f44                        _pcie_ep_driver_api_list_end = .
                0x08004f44                        _pcie_ep_driver_api_ext_end = .
                0x08004f44                        _psi5_driver_api_list_start = .
 *(SORT_BY_NAME(SORT_BY_ALIGNMENT(._psi5_driver_api.static.*)))
                0x08004f44                        _psi5_driver_api_list_end = .
                0x08004f44                        _psi5_driver_api_ext_end = .
                0x08004f44                        _sent_driver_api_list_start = .
 *(SORT_BY_NAME(SORT_BY_ALIGNMENT(._sent_driver_api.static.*)))
                0x08004f44                        _sent_driver_api_list_end = .
                0x08004f44                        _sent_driver_api_ext_end = .
                0x08004f44                        _svc_driver_api_list_start = .
 *(SORT_BY_NAME(SORT_BY_ALIGNMENT(._svc_driver_api.static.*)))
                0x08004f44                        _svc_driver_api_list_end = .
                0x08004f44                        _svc_driver_api_ext_end = .
                0x08004f44                        _stepper_driver_api_list_start = .
 *(SORT_BY_NAME(SORT_BY_ALIGNMENT(._stepper_driver_api.static.*)))
                0x08004f44                        _stepper_driver_api_list_end = .
                0x08004f44                        _stepper_driver_api_ext_end = .
                0x08004f44                        _stepper_ctrl_driver_api_list_start = .
 *(SORT_BY_NAME(SORT_BY_ALIGNMENT(._stepper_ctrl_driver_api.static.*)))
                0x08004f44                        _stepper_ctrl_driver_api_list_end = .
                0x08004f44                        _stepper_ctrl_driver_api_ext_end = .
                0x08004f44                        _uart_driver_api_list_start = .
 *(SORT_BY_NAME(SORT_BY_ALIGNMENT(._uart_driver_api.static.*)))
 ._uart_driver_api.static.uart_stm32_driver_api_
                0x08004f44       0x14 zephyr/drivers/serial/libdrivers__serial.a(uart_stm32.c.obj)
                0x08004f58                        _uart_driver_api_list_end = .
                0x08004f58                        _uart_driver_api_ext_end = .
                0x08004f58                        _bc12_emul_driver_api_list_start = .
 *(SORT_BY_NAME(SORT_BY_ALIGNMENT(._bc12_emul_driver_api.static.*)))
                0x08004f58                        _bc12_emul_driver_api_list_end = .
                0x08004f58                        _bc12_emul_driver_api_ext_end = .
                0x08004f58                        _bc12_driver_api_list_start = .
 *(SORT_BY_NAME(SORT_BY_ALIGNMENT(._bc12_driver_api.static.*)))
                0x08004f58                        _bc12_driver_api_list_end = .
                0x08004f58                        _bc12_driver_api_ext_end = .
                0x08004f58                        _usbc_ppc_driver_api_list_start = .
 *(SORT_BY_NAME(SORT_BY_ALIGNMENT(._usbc_ppc_driver_api.static.*)))
                0x08004f58                        _usbc_ppc_driver_api_list_end = .
                0x08004f58                        _usbc_ppc_driver_api_ext_end = .
                0x08004f58                        _tcpc_driver_api_list_start = .
 *(SORT_BY_NAME(SORT_BY_ALIGNMENT(._tcpc_driver_api.static.*)))
                0x08004f58                        _tcpc_driver_api_list_end = .
                0x08004f58                        _tcpc_driver_api_ext_end = .
                0x08004f58                        _usbc_vbus_driver_api_list_start = .
 *(SORT_BY_NAME(SORT_BY_ALIGNMENT(._usbc_vbus_driver_api.static.*)))
                0x08004f58                        _usbc_vbus_driver_api_list_end = .
                0x08004f58                        _usbc_vbus_driver_api_ext_end = .
                0x08004f58                        _ivshmem_driver_api_list_start = .
 *(SORT_BY_NAME(SORT_BY_ALIGNMENT(._ivshmem_driver_api.static.*)))
                0x08004f58                        _ivshmem_driver_api_list_end = .
                0x08004f58                        _ivshmem_driver_api_ext_end = .
                0x08004f58                        _ethphy_driver_api_list_start = .
 *(SORT_BY_NAME(SORT_BY_ALIGNMENT(._ethphy_driver_api.static.*)))
                0x08004f58                        _ethphy_driver_api_list_end = .
                0x08004f58                        _ethphy_driver_api_ext_end = .

ztest           0x08004f58        0x0
                0x08004f58                        _ztest_expected_result_entry_list_start = .
 *(SORT_BY_NAME(SORT_BY_ALIGNMENT(._ztest_expected_result_entry.static.*)))
                0x08004f58                        _ztest_expected_result_entry_list_end = .
                0x08004f58                        _ztest_suite_node_list_start = .
 *(SORT_BY_NAME(SORT_BY_ALIGNMENT(._ztest_suite_node.static.*)))
                0x08004f58                        _ztest_suite_node_list_end = .
                0x08004f58                        _ztest_unit_test_list_start = .
 *(SORT_BY_NAME(SORT_BY_ALIGNMENT(._ztest_unit_test.static.*)))
                0x08004f58                        _ztest_unit_test_list_end = .
                0x08004f58                        _ztest_test_rule_list_start = .
 *(SORT_BY_NAME(SORT_BY_ALIGNMENT(._ztest_test_rule.static.*)))
                0x08004f58                        _ztest_test_rule_list_end = .

init_array      0x08004f58        0x0
                0x08004f58                        __zephyr_init_array_start = .
 *(SORT_BY_INIT_PRIORITY(.init_array.*) SORT_BY_INIT_PRIORITY(.ctors.*))
 *(SORT_BY_ALIGNMENT(.init_array) SORT_BY_ALIGNMENT(.ctors))
                0x08004f58                        __zephyr_init_array_end = .

bt_l2cap_fixed_chan_area
                0x08004f58        0x0
                0x08004f58                        _bt_l2cap_fixed_chan_list_start = .
 *(SORT_BY_NAME(SORT_BY_ALIGNMENT(._bt_l2cap_fixed_chan.static.*)))
                0x08004f58                        _bt_l2cap_fixed_chan_list_end = .

bt_gatt_service_static_area
                0x08004f58        0x0
                0x08004f58                        _bt_gatt_service_static_list_start = .
 *(SORT_BY_NAME(SORT_BY_ALIGNMENT(._bt_gatt_service_static.static.*)))
                0x08004f58                        _bt_gatt_service_static_list_end = .

log_strings_area
                0x08004f58        0x0
                0x08004f58                        _log_strings_list_start = .
 *(SORT_BY_NAME(SORT_BY_ALIGNMENT(._log_strings.static.*)))
                0x08004f58                        _log_strings_list_end = .

log_stmesp_ptr_area
                0x08004f58        0x0
                0x08004f58                        _log_stmesp_ptr_list_start = .
 *(SORT_BY_NAME(SORT_BY_ALIGNMENT(._log_stmesp_ptr.static.*)))
                0x08004f58                        _log_stmesp_ptr_list_end = .

log_stmesp_str_area
                0x08004f58        0x0
                0x08004f58                        _log_stmesp_str_list_start = .
 *(SORT_BY_NAME(SORT_BY_ALIGNMENT(._log_stmesp_str.static.*)))
                0x08004f58                        _log_stmesp_str_list_end = .

log_const_area  0x08004f58        0x0
                0x08004f58                        _log_const_list_start = .
 *(SORT_BY_NAME(SORT_BY_ALIGNMENT(._log_const.static.*)))
                0x08004f58                        _log_const_list_end = .

log_backend_area
                0x08004f58        0x0
                0x08004f58                        _log_backend_list_start = .
 *(SORT_BY_NAME(SORT_BY_ALIGNMENT(._log_backend.static.*)))
                0x08004f58                        _log_backend_list_end = .

log_link_area   0x08004f58        0x0
                0x08004f58                        _log_link_list_start = .
 *(SORT_BY_NAME(SORT_BY_ALIGNMENT(._log_link.static.*)))
                0x08004f58                        _log_link_list_end = .

tracing_backend_area
                0x08004f58        0x0
                0x08004f58                        _tracing_backend_list_start = .
 *(SORT_BY_NAME(SORT_BY_ALIGNMENT(._tracing_backend.static.*)))
                0x08004f58                        _tracing_backend_list_end = .

zephyr_dbg_info
 *(SORT_BY_ALIGNMENT(.dbg_thread_info))

intc_table_area
                0x08004f58        0x0
                0x08004f58                        _intc_table_list_start = .
 *(SORT_BY_NAME(SORT_BY_ALIGNMENT(._intc_table.static.*)))
                0x08004f58                        _intc_table_list_end = .

symbol_to_keep  0x08004f58        0x0
                0x08004f58                        __symbol_to_keep_start = .
 *(SORT_BY_NAME(SORT_BY_ALIGNMENT(.symbol_to_keep*)))
                0x08004f58                        __symbol_to_keep_end = .

shell_area      0x08004f58        0x0
                0x08004f58                        _shell_list_start = .
 *(SORT_BY_NAME(SORT_BY_ALIGNMENT(._shell.static.*)))
                0x08004f58                        _shell_list_end = .

shell_root_cmds_area
                0x08004f58        0x0
                0x08004f58                        _shell_root_cmds_list_start = .
 *(SORT_BY_NAME(SORT_BY_ALIGNMENT(._shell_root_cmds.static.*)))
                0x08004f58                        _shell_root_cmds_list_end = .

shell_subcmds_area
                0x08004f58        0x0
                0x08004f58                        _shell_subcmds_list_start = .
 *(SORT_BY_NAME(SORT_BY_ALIGNMENT(._shell_subcmds.static.*)))
                0x08004f58                        _shell_subcmds_list_end = .

shell_dynamic_subcmds_area
                0x08004f58        0x0
                0x08004f58                        _shell_dynamic_subcmds_list_start = .
 *(SORT_BY_NAME(SORT_BY_ALIGNMENT(._shell_dynamic_subcmds.static.*)))
                0x08004f58                        _shell_dynamic_subcmds_list_end = .

shell_remote_area
                0x08004f58        0x0
                0x08004f58                        _shell_remote_list_start = .
 *(SORT_BY_NAME(SORT_BY_ALIGNMENT(._shell_remote.static.*)))
                0x08004f58                        _shell_remote_list_end = .

cfb_font_area   0x08004f58        0x0
                0x08004f58                        _cfb_font_list_start = .
 *(SORT_BY_NAME(SORT_BY_ALIGNMENT(._cfb_font.static.*)))
                0x08004f58                        _cfb_font_list_end = .

tdata           0x08004f58        0x0
 *(SORT_BY_ALIGNMENT(.tdata) SORT_BY_ALIGNMENT(.tdata.*) SORT_BY_ALIGNMENT(.gnu.linkonce.td.*))

tbss            0x08004f58        0x4
 *(SORT_BY_ALIGNMENT(.tbss) SORT_BY_ALIGNMENT(.tbss.*) SORT_BY_ALIGNMENT(.gnu.linkonce.tb.*) SORT_BY_ALIGNMENT(.tcommon))
 .tbss.z_tls_current
                0x08004f58        0x4 zephyr/libzephyr.a(thread_entry.c.obj)
                0x08004f58                z_tls_current
                0x08004f58                        PROVIDE (__tdata_start = LOADADDR (tdata))
                0x00000001                        PROVIDE (__tdata_align = ALIGNOF (tdata))
                0x00000000                        PROVIDE (__tdata_size = (((SIZEOF (tdata) + __tdata_align) - 0x1) & ~ ((__tdata_align - 0x1))))
                [!provide]                        PROVIDE (__tdata_end = (__tdata_start + __tdata_size))
                0x00000004                        PROVIDE (__tbss_align = ALIGNOF (tbss))
                [!provide]                        PROVIDE (__tbss_start = ADDR (tbss))
                0x00000004                        PROVIDE (__tbss_size = (((SIZEOF (tbss) + __tbss_align) - 0x1) & ~ ((__tbss_align - 0x1))))
                [!provide]                        PROVIDE (__tbss_end = (__tbss_start + __tbss_size))
                [!provide]                        PROVIDE (__tls_start = __tdata_start)
                [!provide]                        PROVIDE (__tls_end = __tbss_end)
                [!provide]                        PROVIDE (__tls_size = (__tbss_end - __tdata_start))

rodata          0x08004f58      0x708
 *(SORT_BY_ALIGNMENT(.rodata))
 .rodata        0x08004f58        0x8 zephyr/drivers/interrupt_controller/libdrivers__interrupt_controller.a(intc_exti_stm32.c.obj)
 *(SORT_BY_ALIGNMENT(.rodata.*))
 .rodata.main.str1.4
                0x08004f60      0x57c app/libapp.a(main.cpp.obj)
                                  0xf (size before relaxing)
 .rodata._ZL3led
                0x080054dc        0x8 app/libapp.a(main.cpp.obj)
 .rodata.boot_banner.str1.4
                0x080054e4       0x3b zephyr/libzephyr.a(boot_banner.c.obj)
 .rodata.str1.4
                0x080054e4       0x7e zephyr/libzephyr.a(gpioport_mgr.c.obj)
 .rodata.gpio_stm32_cfg_h
                0x080054e4       0x14 zephyr/libzephyr.a(gpioport_mgr.c.obj)
 .rodata.gpio_stm32_cfg_g
                0x080054f8       0x14 zephyr/libzephyr.a(gpioport_mgr.c.obj)
 .rodata.gpio_stm32_cfg_f
                0x0800550c       0x14 zephyr/libzephyr.a(gpioport_mgr.c.obj)
 .rodata.gpio_stm32_cfg_e
                0x08005520       0x14 zephyr/libzephyr.a(gpioport_mgr.c.obj)
 .rodata.gpio_stm32_cfg_d
                0x08005534       0x14 zephyr/libzephyr.a(gpioport_mgr.c.obj)
 .rodata.gpio_stm32_cfg_c
                0x08005548       0x14 zephyr/libzephyr.a(gpioport_mgr.c.obj)
 .rodata.gpio_stm32_cfg_b
                0x0800555c       0x14 zephyr/libzephyr.a(gpioport_mgr.c.obj)
 .rodata.gpio_stm32_cfg_a
                0x08005570       0x14 zephyr/libzephyr.a(gpioport_mgr.c.obj)
 .rodata.gpio_ports
                0x08005584       0x20 zephyr/libzephyr.a(gpioport_mgr.c.obj)
 .rodata.mem_attr_region
                0x080055a4        0x0 zephyr/libzephyr.a(mem_attr.c.obj)
 .rodata.esf_dump.str1.4
                0x080055a4       0x9f zephyr/arch/arch/arm/core/libarch__arm__core.a(fatal.c.obj)
 .rodata.z_arm_fatal_error.str1.4
                0x080055a4       0x14 zephyr/arch/arch/arm/core/libarch__arm__core.a(fatal.c.obj)
 .rodata.get_esf.str1.4
                0x080055a4       0x2c zephyr/arch/arch/arm/core/cortex_m/libarch__arm__core__cortex_m.a(fault.c.obj)
 .rodata.bus_fault.str1.4
                0x080055a4       0xdc zephyr/arch/arch/arm/core/cortex_m/libarch__arm__core__cortex_m.a(fault.c.obj)
 .rodata.usage_fault.str1.4
                0x080055a4       0xdc zephyr/arch/arch/arm/core/cortex_m/libarch__arm__core__cortex_m.a(fault.c.obj)
 .rodata.debug_monitor.str1.4
                0x080055a4       0x25 zephyr/arch/arch/arm/core/cortex_m/libarch__arm__core__cortex_m.a(fault.c.obj)
 .rodata.reserved_exception.str1.4
                0x080055a4       0x48 zephyr/arch/arch/arm/core/cortex_m/libarch__arm__core__cortex_m.a(fault.c.obj)
 .rodata.mem_manage_fault.str1.4
                0x080055a4       0xa0 zephyr/arch/arch/arm/core/cortex_m/libarch__arm__core__cortex_m.a(fault.c.obj)
 .rodata.hard_fault.str1.4
                0x080055a4       0x89 zephyr/arch/arch/arm/core/cortex_m/libarch__arm__core__cortex_m.a(fault.c.obj)
 .rodata.static_regions
                0x080055a4        0xc zephyr/arch/arch/arm/core/mpu/libarch__arm__core__mpu.a(arm_core_mpu.c.obj)
 .rodata.mpu_config
                0x080055b0        0x8 zephyr/arch/arch/arm/core/mpu/libarch__arm__core__mpu.a(arm_mpu_regions.c.obj)
                0x080055b0                mpu_config
 .rodata.str1.4
                0x080055b8        0xf zephyr/arch/arch/arm/core/mpu/libarch__arm__core__mpu.a(arm_mpu_regions.c.obj)
 .rodata.mpu_regions
                0x080055b8       0x18 zephyr/arch/arch/arm/core/mpu/libarch__arm__core__mpu.a(arm_mpu_regions.c.obj)
 .rodata.str1.4
                0x080055d0       0x1e zephyr/drivers/interrupt_controller/libdrivers__interrupt_controller.a(intc_exti_stm32.c.obj)
 .rodata.line_range_6.0
                0x080055d0        0x2 zephyr/drivers/interrupt_controller/libdrivers__interrupt_controller.a(intc_gpio_stm32.c.obj)
 *fill*         0x080055d2        0x2 
 .rodata.line_range_5.1
                0x080055d4        0x2 zephyr/drivers/interrupt_controller/libdrivers__interrupt_controller.a(intc_gpio_stm32.c.obj)
 *fill*         0x080055d6        0x2 
 .rodata.line_range_4.2
                0x080055d8        0x2 zephyr/drivers/interrupt_controller/libdrivers__interrupt_controller.a(intc_gpio_stm32.c.obj)
 *fill*         0x080055da        0x2 
 .rodata.line_range_3.3
                0x080055dc        0x2 zephyr/drivers/interrupt_controller/libdrivers__interrupt_controller.a(intc_gpio_stm32.c.obj)
 *fill*         0x080055de        0x2 
 .rodata.line_range_2.4